Archive member included to satisfy reference by file (symbol)

/usr/lib/gcc/arm-none-eabi/7.3.1/thumb/v6-m/libgcc.a(_dvmd_tls.o)
                              CMakeFiles/JDBlink5.dir/home/jon/pico/pico-sdk/src/rp2_common/pico_divider/divider.S.obj (__aeabi_idiv0)
/usr/lib/gcc/arm-none-eabi/7.3.1/../../../arm-none-eabi/lib/thumb/v6-m/libc.a(lib_a-atexit.o)
                              /usr/lib/gcc/arm-none-eabi/7.3.1/../../../arm-none-eabi/lib/thumb/v6-m/crt0.o (atexit)
/usr/lib/gcc/arm-none-eabi/7.3.1/../../../arm-none-eabi/lib/thumb/v6-m/libc.a(lib_a-calloc.o)
                              CMakeFiles/JDBlink5.dir/home/jon/pico/pico-sdk/src/rp2_common/pico_malloc/pico_malloc.c.obj (calloc)
/usr/lib/gcc/arm-none-eabi/7.3.1/../../../arm-none-eabi/lib/thumb/v6-m/libc.a(lib_a-callocr.o)
                              /usr/lib/gcc/arm-none-eabi/7.3.1/../../../arm-none-eabi/lib/thumb/v6-m/libc.a(lib_a-calloc.o) (_calloc_r)
/usr/lib/gcc/arm-none-eabi/7.3.1/../../../arm-none-eabi/lib/thumb/v6-m/libc.a(lib_a-fini.o)
                              /usr/lib/gcc/arm-none-eabi/7.3.1/../../../arm-none-eabi/lib/thumb/v6-m/crt0.o (__libc_fini_array)
/usr/lib/gcc/arm-none-eabi/7.3.1/../../../arm-none-eabi/lib/thumb/v6-m/libc.a(lib_a-impure.o)
                              /usr/lib/gcc/arm-none-eabi/7.3.1/../../../arm-none-eabi/lib/thumb/v6-m/libc.a(lib_a-calloc.o) (_impure_ptr)
/usr/lib/gcc/arm-none-eabi/7.3.1/../../../arm-none-eabi/lib/thumb/v6-m/libc.a(lib_a-init.o)
                              /usr/lib/gcc/arm-none-eabi/7.3.1/../../../arm-none-eabi/lib/thumb/v6-m/crt0.o (__libc_init_array)
/usr/lib/gcc/arm-none-eabi/7.3.1/../../../arm-none-eabi/lib/thumb/v6-m/libc.a(lib_a-malloc.o)
                              CMakeFiles/JDBlink5.dir/home/jon/pico/pico-sdk/src/rp2_common/pico_malloc/pico_malloc.c.obj (malloc)
/usr/lib/gcc/arm-none-eabi/7.3.1/../../../arm-none-eabi/lib/thumb/v6-m/libc.a(lib_a-mallocr.o)
                              /usr/lib/gcc/arm-none-eabi/7.3.1/../../../arm-none-eabi/lib/thumb/v6-m/libc.a(lib_a-callocr.o) (_malloc_r)
/usr/lib/gcc/arm-none-eabi/7.3.1/../../../arm-none-eabi/lib/thumb/v6-m/libc.a(lib_a-mlock.o)
                              /usr/lib/gcc/arm-none-eabi/7.3.1/../../../arm-none-eabi/lib/thumb/v6-m/libc.a(lib_a-mallocr.o) (__malloc_lock)
/usr/lib/gcc/arm-none-eabi/7.3.1/../../../arm-none-eabi/lib/thumb/v6-m/libc.a(lib_a-sbrkr.o)
                              /usr/lib/gcc/arm-none-eabi/7.3.1/../../../arm-none-eabi/lib/thumb/v6-m/libc.a(lib_a-mallocr.o) (_sbrk_r)
/usr/lib/gcc/arm-none-eabi/7.3.1/../../../arm-none-eabi/lib/thumb/v6-m/libc.a(lib_a-strlen-stub.o)
                              CMakeFiles/JDBlink5.dir/home/jon/pico/pico-sdk/src/rp2_common/pico_stdio/stdio.c.obj (strlen)
/usr/lib/gcc/arm-none-eabi/7.3.1/../../../arm-none-eabi/lib/thumb/v6-m/libc.a(lib_a-__atexit.o)
                              /usr/lib/gcc/arm-none-eabi/7.3.1/../../../arm-none-eabi/lib/thumb/v6-m/libc.a(lib_a-atexit.o) (__register_exitproc)
/usr/lib/gcc/arm-none-eabi/7.3.1/../../../arm-none-eabi/lib/thumb/v6-m/libc.a(lib_a-freer.o)
                              /usr/lib/gcc/arm-none-eabi/7.3.1/../../../arm-none-eabi/lib/thumb/v6-m/libc.a(lib_a-malloc.o) (_free_r)
/usr/lib/gcc/arm-none-eabi/7.3.1/../../../arm-none-eabi/lib/thumb/v6-m/libc.a(lib_a-reent.o)
                              /usr/lib/gcc/arm-none-eabi/7.3.1/../../../arm-none-eabi/lib/thumb/v6-m/libc.a(lib_a-sbrkr.o) (errno)

Allocating common symbols
Common symbol       size              file

sf_table            0x100             CMakeFiles/JDBlink5.dir/home/jon/pico/pico-sdk/src/rp2_common/pico_float/float_init_rom.c.obj
errno               0x4               /usr/lib/gcc/arm-none-eabi/7.3.1/../../../arm-none-eabi/lib/thumb/v6-m/libc.a(lib_a-reent.o)
_usbd_qdef_buf      0xc0              CMakeFiles/JDBlink5.dir/home/jon/pico/pico-sdk/lib/tinyusb/src/device/usbd.c.obj
sf_clz_func         0x4               CMakeFiles/JDBlink5.dir/home/jon/pico/pico-sdk/src/rp2_common/pico_float/float_init_rom.c.obj
sd_table            0x100             CMakeFiles/JDBlink5.dir/home/jon/pico/pico-sdk/src/rp2_common/pico_double/double_init_rom.c.obj
uart_char_to_line_feed
                    0x4               CMakeFiles/JDBlink5.dir/home/jon/pico/pico-sdk/src/rp2_common/hardware_uart/uart.c.obj

Discarded input sections

 .text          0x00000000        0x0 /usr/lib/gcc/arm-none-eabi/7.3.1/thumb/v6-m/crti.o
 .data          0x00000000        0x0 /usr/lib/gcc/arm-none-eabi/7.3.1/thumb/v6-m/crti.o
 .bss           0x00000000        0x0 /usr/lib/gcc/arm-none-eabi/7.3.1/thumb/v6-m/crti.o
 .data          0x00000000        0x4 /usr/lib/gcc/arm-none-eabi/7.3.1/thumb/v6-m/crtbegin.o
 .fini_array    0x00000000        0x4 /usr/lib/gcc/arm-none-eabi/7.3.1/thumb/v6-m/crtbegin.o
 .text          0x00000000       0x6c /usr/lib/gcc/arm-none-eabi/7.3.1/../../../arm-none-eabi/lib/thumb/v6-m/crt0.o
[...]
Memory Configuration

Name             Origin             Length             Attributes
FLASH            0x10000000         0x00200000         xr
RAM              0x20000000         0x00040000         xrw
SCRATCH_X        0x20040000         0x00001000         xrw
SCRATCH_Y        0x20041000         0x00001000         xrw
*default*        0x00000000         0xffffffff

Linker script and memory map

LOAD /usr/lib/gcc/arm-none-eabi/7.3.1/thumb/v6-m/crti.o
LOAD /usr/lib/gcc/arm-none-eabi/7.3.1/thumb/v6-m/crtbegin.o
LOAD /usr/lib/gcc/arm-none-eabi/7.3.1/../../../arm-none-eabi/lib/thumb/v6-m/crt0.o

.flash_begin    0x10000000        0x0
                0x10000000                __flash_binary_start = .

.boot2          0x10000000      0x100
                0x10000000                __boot2_start__ = .
 *(.boot2)
 .boot2         0x10000000      0x100 /tmp/ccmQuiSQ.o
                0x10000100                __boot2_end__ = .
                0x00000001                ASSERT (((__boot2_end__ - __boot2_start__) == 0x100), ERROR: Pico second stage bootloader must be 256 bytes in size)

.text           0x10000100     0x8018
                0x10000100                __logical_binary_start = .
 *(.vectors)
 .vectors       0x10000100       0xd4 CMakeFiles/JDBlink5.dir/home/jon/pico/pico-sdk/src/rp2_common/pico_standard_link/crt0.S.obj
                0x10000100                __vectors
                0x10000100                __VECTOR_TABLE
                0x100001c0                isr_invalid
                0x100001c0                __default_isrs_start
                0x100001c2                isr_nmi
                0x100001c4                isr_hardfault
                0x100001c6                isr_svcall
                0x100001c8                isr_pendsv
                0x100001ca                isr_systick
                0x100001cc                isr_irq30
                0x100001cc                __unhandled_user_irq
                0x100001cc                isr_irq13
                0x100001cc                isr_irq27
                0x100001cc                isr_irq31
                0x100001cc                isr_irq5
                0x100001cc                isr_irq11
                0x100001cc                isr_irq23
                0x100001cc                isr_irq18
                0x100001cc                isr_irq28
                0x100001cc                isr_irq19
                0x100001cc                isr_irq0
                0x100001cc                isr_irq6
                0x100001cc                isr_irq22
                0x100001cc                isr_irq17
                0x100001cc                isr_irq14
                0x100001cc                isr_irq2
                0x100001cc                isr_irq10
                0x100001cc                isr_irq8
                0x100001cc                isr_irq24
                0x100001cc                isr_irq1
                0x100001cc                isr_irq7
                0x100001cc                isr_irq21
                0x100001cc                isr_irq20
                0x100001cc                isr_irq15
                0x100001cc                isr_irq25
                0x100001cc                isr_irq4
                0x100001cc                isr_irq16
                0x100001cc                isr_irq29
                0x100001cc                isr_irq26
                0x100001cc                __default_isrs_end
                0x100001cc                isr_irq3
                0x100001cc                isr_irq12
                0x100001cc                isr_irq9
                0x100001d2                unhandled_user_irq_num_in_r0
 *(.binary_info_header)
 .binary_info_header
                0x100001d4       0x14 CMakeFiles/JDBlink5.dir/home/jon/pico/pico-sdk/src/rp2_common/pico_standard_link/crt0.S.obj
                0x100001e8                __binary_info_header_end = .
 *(.reset)
 .reset         0x100001e8       0xa8 CMakeFiles/JDBlink5.dir/home/jon/pico/pico-sdk/src/rp2_common/pico_standard_link/crt0.S.obj
                0x100001e8                _entry_point
                0x10000266                __get_current_exception
 .reset         0x10000290       0x30 CMakeFiles/JDBlink5.dir/home/jon/pico/pico-sdk/src/rp2_common/pico_standard_link/binary_info.c.obj
 *(.init)
 .init          0x100002c0        0x4 /usr/lib/gcc/arm-none-eabi/7.3.1/thumb/v6-m/crti.o
                0x100002c0                _init
 *(EXCLUDE_FILE(*libm.a: *libc.a:*lib_a-mem*.o *libgcc.a:) .text*)
 .text          0x100002c4       0x98 /usr/lib/gcc/arm-none-eabi/7.3.1/thumb/v6-m/crtbegin.o
 .text.blinkSetup
                0x1000035c       0x14 CMakeFiles/JDBlink5.dir/blink.c.obj
                0x1000035c                blinkSetup
 .text.blink    0x10000370       0x1c CMakeFiles/JDBlink5.dir/blink.c.obj
                0x10000370                blink
 .text.startup.main
                0x1000038c       0x38 CMakeFiles/JDBlink5.dir/main.c.obj
                0x1000038c                main
 .text.gpio_init
                0x100003c4       0x3c CMakeFiles/JDBlink5.dir/home/jon/pico/pico-sdk/src/rp2_common/hardware_gpio/gpio.c.obj
                0x100003c4                gpio_init
 .text.hw_claim_or_assert
                0x10000400       0x44 CMakeFiles/JDBlink5.dir/home/jon/pico/pico-sdk/src/rp2_common/hardware_claim/claim.c.obj
                0x10000400                hw_claim_or_assert
 .text.hw_claim_unused_from_range
                0x10000444       0x9c CMakeFiles/JDBlink5.dir/home/jon/pico/pico-sdk/src/rp2_common/hardware_claim/claim.c.obj
                0x10000444                hw_claim_unused_from_range
 .text.running_on_fpga
                0x100004e0       0x10 CMakeFiles/JDBlink5.dir/home/jon/pico/pico-sdk/src/rp2_common/pico_platform/platform.c.obj
                0x100004e0                running_on_fpga
 .text.spin_locks_reset
                0x100004f0       0x1c CMakeFiles/JDBlink5.dir/home/jon/pico/pico-sdk/src/rp2_common/hardware_sync/sync.c.obj
                0x100004f0                spin_locks_reset
 .text.next_striped_spin_lock_num
                0x1000050c       0x18 CMakeFiles/JDBlink5.dir/home/jon/pico/pico-sdk/src/rp2_common/hardware_sync/sync.c.obj
                0x1000050c                next_striped_spin_lock_num
 .text.spin_lock_claim_unused
                0x10000524       0x20 CMakeFiles/JDBlink5.dir/home/jon/pico/pico-sdk/src/rp2_common/hardware_sync/sync.c.obj
                0x10000524                spin_lock_claim_unused
 .text.timer_pool_entry_comparator
                0x10000544       0x34 CMakeFiles/JDBlink5.dir/home/jon/pico/pico-sdk/src/common/pico_time/time.c.obj
                0x10000544                timer_pool_entry_comparator
 .text.sleep_until_callback
                0x10000578       0x30 CMakeFiles/JDBlink5.dir/home/jon/pico/pico-sdk/src/common/pico_time/time.c.obj
 .text.add_alarm_under_lock
                0x100005a8      0x120 CMakeFiles/JDBlink5.dir/home/jon/pico/pico-sdk/src/common/pico_time/time.c.obj
 .text.alarm_pool_alarm_callback
                0x100006c8      0x1dc CMakeFiles/JDBlink5.dir/home/jon/pico/pico-sdk/src/common/pico_time/time.c.obj
 .text.alarm_pool_init_default
                0x100008a4       0x64 CMakeFiles/JDBlink5.dir/home/jon/pico/pico-sdk/src/common/pico_time/time.c.obj
                0x100008a4                alarm_pool_init_default
 .text.alarm_pool_get_default
                0x10000908        0x8 CMakeFiles/JDBlink5.dir/home/jon/pico/pico-sdk/src/common/pico_time/time.c.obj
                0x10000908                alarm_pool_get_default
 .text.alarm_pool_add_alarm_at
                0x10000910      0x1ac CMakeFiles/JDBlink5.dir/home/jon/pico/pico-sdk/src/common/pico_time/time.c.obj
                0x10000910                alarm_pool_add_alarm_at
 .text.sleep_until
                0x10000abc      0x1ec CMakeFiles/JDBlink5.dir/home/jon/pico/pico-sdk/src/common/pico_time/time.c.obj
                0x10000abc                sleep_until
 .text.sleep_ms
                0x10000ca8       0x38 CMakeFiles/JDBlink5.dir/home/jon/pico/pico-sdk/src/common/pico_time/time.c.obj
                0x10000ca8                sleep_ms
 .text.best_effort_wfe_or_timeout
                0x10000ce0      0x1b4 CMakeFiles/JDBlink5.dir/home/jon/pico/pico-sdk/src/common/pico_time/time.c.obj
                0x10000ce0                best_effort_wfe_or_timeout
 .text.hardware_alarm_irq_handler
                0x10000e94       0xb0 CMakeFiles/JDBlink5.dir/home/jon/pico/pico-sdk/src/rp2_common/hardware_timer/timer.c.obj
 .text.hardware_alarm_claim
                0x10000f44       0x18 CMakeFiles/JDBlink5.dir/home/jon/pico/pico-sdk/src/rp2_common/hardware_timer/timer.c.obj
                0x10000f44                hardware_alarm_claim
 .text.time_us_64
                0x10000f5c       0x18 CMakeFiles/JDBlink5.dir/home/jon/pico/pico-sdk/src/rp2_common/hardware_timer/timer.c.obj
                0x10000f5c                time_us_64
 .text.busy_wait_until
                0x10000f74       0x20 CMakeFiles/JDBlink5.dir/home/jon/pico/pico-sdk/src/rp2_common/hardware_timer/timer.c.obj
                0x10000f74                busy_wait_until
 .text.hardware_alarm_set_callback
                0x10000f94       0x8c CMakeFiles/JDBlink5.dir/home/jon/pico/pico-sdk/src/rp2_common/hardware_timer/timer.c.obj
                0x10000f94                hardware_alarm_set_callback
 .text.hardware_alarm_set_target
                0x10001020       0xd8 CMakeFiles/JDBlink5.dir/home/jon/pico/pico-sdk/src/rp2_common/hardware_timer/timer.c.obj
                0x10001020                hardware_alarm_set_target
 .text.hardware_alarm_cancel
                0x100010f8       0x40 CMakeFiles/JDBlink5.dir/home/jon/pico/pico-sdk/src/rp2_common/hardware_timer/timer.c.obj
                0x100010f8                hardware_alarm_cancel
 .text.lock_init
                0x10001138       0x10 CMakeFiles/JDBlink5.dir/home/jon/pico/pico-sdk/src/common/pico_sync/lock_core.c.obj
                0x10001138                lock_init
 .text.mutex_init
                0x10001148       0x1c CMakeFiles/JDBlink5.dir/home/jon/pico/pico-sdk/src/common/pico_sync/mutex.c.obj
                0x10001148                mutex_init
 .text.recursive_mutex_init
                0x10001164       0x1c CMakeFiles/JDBlink5.dir/home/jon/pico/pico-sdk/src/common/pico_sync/mutex.c.obj
                0x10001164                recursive_mutex_init
 .text.critical_section_init
                0x10001180       0x20 CMakeFiles/JDBlink5.dir/home/jon/pico/pico-sdk/src/common/pico_sync/critical_section.c.obj
                0x10001180                critical_section_init
 .text.ph_merge_two_pass.part.3
                0x100011a0       0xcc CMakeFiles/JDBlink5.dir/home/jon/pico/pico-sdk/src/common/pico_util/pheap.c.obj
 .text.ph_post_alloc_init
                0x1000126c       0x3c CMakeFiles/JDBlink5.dir/home/jon/pico/pico-sdk/src/common/pico_util/pheap.c.obj
                0x1000126c                ph_post_alloc_init
 .text.ph_remove_head
                0x100012a8      0x158 CMakeFiles/JDBlink5.dir/home/jon/pico/pico-sdk/src/common/pico_util/pheap.c.obj
                0x100012a8                ph_remove_head
 .text.ph_remove_and_free_node
                0x10001400      0x340 CMakeFiles/JDBlink5.dir/home/jon/pico/pico-sdk/src/common/pico_util/pheap.c.obj
                0x10001400                ph_remove_and_free_node
 .text.runtime_init
                0x10001740      0x100 CMakeFiles/JDBlink5.dir/home/jon/pico/pico-sdk/src/rp2_common/pico_runtime/runtime.c.obj
                0x10001740                runtime_init
 .text.exit     0x10001840        0x4 CMakeFiles/JDBlink5.dir/home/jon/pico/pico-sdk/src/rp2_common/pico_runtime/runtime.c.obj
                0x10001840                exit
 .text.panic    0x10001844       0x30 CMakeFiles/JDBlink5.dir/home/jon/pico/pico-sdk/src/rp2_common/pico_runtime/runtime.c.obj
                0x10001844                panic
 .text.hard_assertion_failure
                0x10001874        0xc CMakeFiles/JDBlink5.dir/home/jon/pico/pico-sdk/src/rp2_common/pico_runtime/runtime.c.obj
                0x10001874                hard_assertion_failure
 .text.clocks_init
                0x10001880      0x2c8 CMakeFiles/JDBlink5.dir/home/jon/pico/pico-sdk/src/rp2_common/hardware_clocks/clocks.c.obj
                0x10001880                clocks_init
 .text.irq_set_enabled
                0x10001b48       0x24 CMakeFiles/JDBlink5.dir/home/jon/pico/pico-sdk/src/rp2_common/hardware_irq/irq.c.obj
                0x10001b48                irq_set_enabled
 .text.irq_set_pending
                0x10001b6c       0x10 CMakeFiles/JDBlink5.dir/home/jon/pico/pico-sdk/src/rp2_common/hardware_irq/irq.c.obj
                0x10001b6c                irq_set_pending
 .text.irq_get_vtable_handler
                0x10001b7c       0x10 CMakeFiles/JDBlink5.dir/home/jon/pico/pico-sdk/src/rp2_common/hardware_irq/irq.c.obj
                0x10001b7c                irq_get_vtable_handler
 .text.irq_set_exclusive_handler
                0x10001b8c       0x54 CMakeFiles/JDBlink5.dir/home/jon/pico/pico-sdk/src/rp2_common/hardware_irq/irq.c.obj
                0x10001b8c                irq_set_exclusive_handler
 .text.irq_remove_handler
                0x10001be0      0x1bc CMakeFiles/JDBlink5.dir/home/jon/pico/pico-sdk/src/rp2_common/hardware_irq/irq.c.obj
                0x10001be0                irq_remove_handler
 .text.irq_add_tail_to_free_list
                0x10001d9c       0xb4 CMakeFiles/JDBlink5.dir/home/jon/pico/pico-sdk/src/rp2_common/hardware_irq/irq.c.obj
                0x10001d9c                irq_add_tail_to_free_list
 .text.irq_init_priorities
                0x10001e50       0x38 CMakeFiles/JDBlink5.dir/home/jon/pico/pico-sdk/src/rp2_common/hardware_irq/irq.c.obj
                0x10001e50                irq_init_priorities
 .text.pll_init
                0x10001e88       0xa4 CMakeFiles/JDBlink5.dir/home/jon/pico/pico-sdk/src/rp2_common/hardware_pll/pll.c.obj
                0x10001e88                pll_init
 .text.watchdog_start_tick
                0x10001f2c       0x10 CMakeFiles/JDBlink5.dir/home/jon/pico/pico-sdk/src/rp2_common/hardware_watchdog/watchdog.c.obj
                0x10001f2c                watchdog_start_tick
 .text.watchdog_reboot
                0x10001f3c       0x94 CMakeFiles/JDBlink5.dir/home/jon/pico/pico-sdk/src/rp2_common/hardware_watchdog/watchdog.c.obj
                0x10001f3c                watchdog_reboot
 .text.xosc_init
                0x10001fd0       0x28 CMakeFiles/JDBlink5.dir/home/jon/pico/pico-sdk/src/rp2_common/hardware_xosc/xosc.c.obj
                0x10001fd0                xosc_init
 .text._out_null
                0x10001ff8        0x4 CMakeFiles/JDBlink5.dir/home/jon/pico/pico-sdk/src/rp2_common/pico_printf/printf.c.obj
 .text._out_fct
                0x10001ffc       0x10 CMakeFiles/JDBlink5.dir/home/jon/pico/pico-sdk/src/rp2_common/pico_printf/printf.c.obj
 .text._out_char
                0x1000200c        0xc CMakeFiles/JDBlink5.dir/home/jon/pico/pico-sdk/src/rp2_common/pico_printf/printf.c.obj
 .text._ntoa_format
                0x10002018      0x270 CMakeFiles/JDBlink5.dir/home/jon/pico/pico-sdk/src/rp2_common/pico_printf/printf.c.obj
 .text._etoa.part.0
                0x10002288      0x56c CMakeFiles/JDBlink5.dir/home/jon/pico/pico-sdk/src/rp2_common/pico_printf/printf.c.obj
 .text._ftoa    0x100027f4      0x6f8 CMakeFiles/JDBlink5.dir/home/jon/pico/pico-sdk/src/rp2_common/pico_printf/printf.c.obj
 .text._ftoa.part.1
                0x10002eec      0x54c CMakeFiles/JDBlink5.dir/home/jon/pico/pico-sdk/src/rp2_common/pico_printf/printf.c.obj
 .text._vsnprintf
                0x10003438     0x11e0 CMakeFiles/JDBlink5.dir/home/jon/pico/pico-sdk/src/rp2_common/pico_printf/printf.c.obj
 .text.vfctprintf
                0x10004618       0x20 CMakeFiles/JDBlink5.dir/home/jon/pico/pico-sdk/src/rp2_common/pico_printf/printf.c.obj
                0x10004618                vfctprintf
 .text.weak_raw_vprintf
                0x10004638       0x30 CMakeFiles/JDBlink5.dir/home/jon/pico/pico-sdk/src/rp2_common/pico_printf/printf.c.obj
                0x10004638                weak_raw_vprintf
 .text          0x10004668       0x10 CMakeFiles/JDBlink5.dir/home/jon/pico/pico-sdk/src/rp2_common/pico_bit_ops/bit_ops_aeabi.S.obj
 .text.rom_func_lookup
                0x10004678       0x10 CMakeFiles/JDBlink5.dir/home/jon/pico/pico-sdk/src/rp2_common/pico_bootrom/bootrom.c.obj
                0x10004678                rom_func_lookup
 .text.rom_data_lookup
                0x10004688       0x10 CMakeFiles/JDBlink5.dir/home/jon/pico/pico-sdk/src/rp2_common/pico_bootrom/bootrom.c.obj
                0x10004688                rom_data_lookup
 .text.rom_funcs_lookup
                0x10004698       0x3c CMakeFiles/JDBlink5.dir/home/jon/pico/pico-sdk/src/rp2_common/pico_bootrom/bootrom.c.obj
                0x10004698                rom_funcs_lookup
 .text.__wrap___aeabi_idiv
                0x100046d4       0x50 CMakeFiles/JDBlink5.dir/home/jon/pico/pico-sdk/src/rp2_common/pico_divider/divider.S.obj
                0x100046d4                __wrap___aeabi_idivmod
                0x100046d4                divmod_s32s32
                0x100046d4                div_s32s32
                0x100046d4                __wrap___aeabi_idiv
                0x100046dc                divmod_s32s32_unsafe
                0x10004708                divmod_s32s32_savestate
 .text.__wrap___aeabi_uidiv
                0x10004724       0x4c CMakeFiles/JDBlink5.dir/home/jon/pico/pico-sdk/src/rp2_common/pico_divider/divider.S.obj
                0x10004724                __wrap___aeabi_uidiv
                0x10004724                __wrap___aeabi_uidivmod
                0x10004724                div_u32u32
                0x10004724                divmod_u32u32
                0x1000472c                divmod_u32u32_unsafe
                0x10004754                divmod_u32u32_savestate
 .text.__wrap___aeabi_ldiv
                0x10004770      0x430 CMakeFiles/JDBlink5.dir/home/jon/pico/pico-sdk/src/rp2_common/pico_divider/divider.S.obj
                0x10004770                div_s64s64
                0x10004770                divmod_s64s64
                0x10004770                __wrap___aeabi_ldivmod
                0x100047a8                div_u64u64
                0x100047a8                divmod_u64u64
                0x100047a8                __wrap___aeabi_uldivmod
                0x100047b8                divmod_u64u64_savestate
                0x100047e0                divmod_s64s64_unsafe
                0x10004868                divmod_u64u64_unsafe
 .text.__wrap___aeabi_darithmetic
                0x10004ba0       0x80 CMakeFiles/JDBlink5.dir/home/jon/pico/pico-sdk/src/rp2_common/pico_double/double_aeabi.S.obj
                0x10004ba0                __wrap___aeabi_drsub
                0x10004ba6                __wrap___aeabi_dsub
                0x10004bb8                __wrap___aeabi_dadd
                0x10004bca                __wrap___aeabi_ddiv
                0x10004c06                __wrap___aeabi_dmul
 .text.__wrap___aeabi_cdcmple
                0x10004c20       0x6c CMakeFiles/JDBlink5.dir/home/jon/pico/pico-sdk/src/rp2_common/pico_double/double_aeabi.S.obj
                0x10004c20                __wrap___aeabi_cdrcmple
                0x10004c30                __wrap___aeabi_cdcmple
                0x10004c30                __wrap___aeabi_cdcmpeq
 .text.__wrap___aeabi_dcmplt
                0x10004c8c        0xc CMakeFiles/JDBlink5.dir/home/jon/pico/pico-sdk/src/rp2_common/pico_double/double_aeabi.S.obj
                0x10004c8c                __wrap___aeabi_dcmplt
 .text.__wrap___aeabi_dcmpge
                0x10004c98       0x10 CMakeFiles/JDBlink5.dir/home/jon/pico/pico-sdk/src/rp2_common/pico_double/double_aeabi.S.obj
                0x10004c98                __wrap___aeabi_dcmpge
 .text.__wrap___aeabi_dcmpgt
                0x10004ca8        0xa CMakeFiles/JDBlink5.dir/home/jon/pico/pico-sdk/src/rp2_common/pico_double/double_aeabi.S.obj
                0x10004ca8                __wrap___aeabi_dcmpgt
 .text.__wrap___aeabi_dcmpun
                0x10004cb2       0x1c CMakeFiles/JDBlink5.dir/home/jon/pico/pico-sdk/src/rp2_common/pico_double/double_aeabi.S.obj
                0x10004cb2                __wrap___aeabi_dcmpun
 *fill*         0x10004cce        0x2 
 .text.__wrap___aeabi_i2d
                0x10004cd0       0x38 CMakeFiles/JDBlink5.dir/home/jon/pico/pico-sdk/src/rp2_common/pico_double/double_aeabi.S.obj
                0x10004cd0                __wrap___aeabi_ui2d
                0x10004cd8                __wrap___aeabi_i2d
 .text.__wrap___aeabi_d2iz
                0x10004d08       0x48 CMakeFiles/JDBlink5.dir/home/jon/pico/pico-sdk/src/rp2_common/pico_double/double_aeabi.S.obj
                0x10004d08                __wrap___aeabi_d2iz
                0x10004d08                double2int_z
 .text.__wrap___aeabi_d2uiz
                0x10004d50       0x18 CMakeFiles/JDBlink5.dir/home/jon/pico/pico-sdk/src/rp2_common/pico_double/double_aeabi.S.obj
                0x10004d50                double2uint
                0x10004d50                __wrap___aeabi_d2uiz
 .text.__aeabi_double_init
                0x10004d68       0x4c CMakeFiles/JDBlink5.dir/home/jon/pico/pico-sdk/src/rp2_common/pico_double/double_init_rom.c.obj
                0x10004d68                __aeabi_double_init
 .text.double_table_shim_on_use_helper
                0x10004db4       0x2c CMakeFiles/JDBlink5.dir/home/jon/pico/pico-sdk/src/rp2_common/pico_double/double_v1_rom_shim.S.obj
                0x10004db4                double_table_shim_on_use_helper
 .text.__wrap___aeabi_dsub
                0x10004de0       0x10 CMakeFiles/JDBlink5.dir/home/jon/pico/pico-sdk/src/rp2_common/pico_double/double_v1_rom_shim.S.obj
                0x10004de0                drsub_shim
                0x10004de6                dsub_shim
 .text.dadd_shim
                0x10004df0      0x15c CMakeFiles/JDBlink5.dir/home/jon/pico/pico-sdk/src/rp2_common/pico_double/double_v1_rom_shim.S.obj
                0x10004df0                dadd_shim
 .text.dmul_shim
                0x10004f4c      0x15c CMakeFiles/JDBlink5.dir/home/jon/pico/pico-sdk/src/rp2_common/pico_double/double_v1_rom_shim.S.obj
                0x10004f4c                dmul_shim
 .text.ddiv_shim
                0x100050a8      0x1b0 CMakeFiles/JDBlink5.dir/home/jon/pico/pico-sdk/src/rp2_common/pico_double/double_v1_rom_shim.S.obj
                0x100050a8                ddiv_shim
 .text.dcordic_rot_step
                0x10005258       0x7c CMakeFiles/JDBlink5.dir/home/jon/pico/pico-sdk/src/rp2_common/pico_double/double_v1_rom_shim.S.obj
                0x10005258                dcordic_rot_step
 .text.double2uint_shim
                0x100052d4        0xe CMakeFiles/JDBlink5.dir/home/jon/pico/pico-sdk/src/rp2_common/pico_double/double_v1_rom_shim.S.obj
                0x100052d4                double2uint_shim
                0x100052d6                double2ufix_shim
 *fill*         0x100052e2        0x2 
 .text.double2uint64_shim
                0x100052e4       0x6c CMakeFiles/JDBlink5.dir/home/jon/pico/pico-sdk/src/rp2_common/pico_double/double_v1_rom_shim.S.obj
                0x100052e4                double2uint64_shim
                0x100052e6                double2ufix64_shim
                0x10005300                d2fix_a
 .text.dunpacks
                0x10005350       0x3c CMakeFiles/JDBlink5.dir/home/jon/pico/pico-sdk/src/rp2_common/pico_double/double_v1_rom_shim.S.obj
                0x10005350                dunpacks
 .text.__aeabi_lmul
                0x1000538c       0x32 CMakeFiles/JDBlink5.dir/home/jon/pico/pico-sdk/src/rp2_common/pico_int64_ops/pico_int64_ops_aeabi.S.obj
                0x1000538c                __wrap___aeabi_lmul
 *fill*         0x100053be        0x2 
 .text.__aeabi_float_init
                0x100053c0       0x68 CMakeFiles/JDBlink5.dir/home/jon/pico/pico-sdk/src/rp2_common/pico_float/float_init_rom.c.obj
                0x100053c0                __aeabi_float_init
 .text.float_table_shim_on_use_helper
                0x10005428       0x2c CMakeFiles/JDBlink5.dir/home/jon/pico/pico-sdk/src/rp2_common/pico_float/float_v1_rom_shim.S.obj
                0x10005428                float_table_shim_on_use_helper
 .text          0x10005454       0x10 CMakeFiles/JDBlink5.dir/home/jon/pico/pico-sdk/src/rp2_common/pico_mem_ops/mem_ops_aeabi.S.obj
                0x10005454                __aeabi_mem_init
 .text.memset   0x10005464        0xc CMakeFiles/JDBlink5.dir/home/jon/pico/pico-sdk/src/rp2_common/pico_mem_ops/mem_ops_aeabi.S.obj
                0x10005464                __wrap_memset
 .text.memcpy   0x10005470        0xc CMakeFiles/JDBlink5.dir/home/jon/pico/pico-sdk/src/rp2_common/pico_mem_ops/mem_ops_aeabi.S.obj
                0x10005470                __wrap___aeabi_memcpy
                0x10005470                __wrap_memcpy
 .text.stdio_out_chars_crlf.part.0
                0x1000547c       0x8c CMakeFiles/JDBlink5.dir/home/jon/pico/pico-sdk/src/rp2_common/pico_stdio/stdio.c.obj
 .text.stdio_buffered_printer
                0x10005508       0x70 CMakeFiles/JDBlink5.dir/home/jon/pico/pico-sdk/src/rp2_common/pico_stdio/stdio.c.obj
 .text.__wrap_putchar
                0x10005578       0xb0 CMakeFiles/JDBlink5.dir/home/jon/pico/pico-sdk/src/rp2_common/pico_stdio/stdio.c.obj
                0x10005578                __wrap_putchar
 .text.__wrap_puts
                0x10005628      0x120 CMakeFiles/JDBlink5.dir/home/jon/pico/pico-sdk/src/rp2_common/pico_stdio/stdio.c.obj
                0x10005628                __wrap_puts
 .text.stdio_set_driver_enabled
                0x10005748       0x3c CMakeFiles/JDBlink5.dir/home/jon/pico/pico-sdk/src/rp2_common/pico_stdio/stdio.c.obj
                0x10005748                stdio_set_driver_enabled
 .text.__wrap_vprintf
                0x10005784       0xe0 CMakeFiles/JDBlink5.dir/home/jon/pico/pico-sdk/src/rp2_common/pico_stdio/stdio.c.obj
                0x10005784                __wrap_vprintf
 .text.__wrap_printf
                0x10005864       0x18 CMakeFiles/JDBlink5.dir/home/jon/pico/pico-sdk/src/rp2_common/pico_stdio/stdio.c.obj
                0x10005864                __wrap_printf
 .text.stdio_init_all
                0x1000587c        0x8 CMakeFiles/JDBlink5.dir/home/jon/pico/pico-sdk/src/rp2_common/pico_stdio/stdio.c.obj
                0x1000587c                stdio_init_all
 .text.resetd_init
                0x10005884        0x4 CMakeFiles/JDBlink5.dir/home/jon/pico/pico-sdk/src/rp2_common/pico_stdio_usb/reset_interface.c.obj
 .text.resetd_reset
                0x10005888        0xc CMakeFiles/JDBlink5.dir/home/jon/pico/pico-sdk/src/rp2_common/pico_stdio_usb/reset_interface.c.obj
 .text.resetd_xfer_cb
                0x10005894        0x4 CMakeFiles/JDBlink5.dir/home/jon/pico/pico-sdk/src/rp2_common/pico_stdio_usb/reset_interface.c.obj
 .text.resetd_open
                0x10005898       0x28 CMakeFiles/JDBlink5.dir/home/jon/pico/pico-sdk/src/rp2_common/pico_stdio_usb/reset_interface.c.obj
 .text.resetd_control_xfer_cb
                0x100058c0       0x64 CMakeFiles/JDBlink5.dir/home/jon/pico/pico-sdk/src/rp2_common/pico_stdio_usb/reset_interface.c.obj
 .text.usbd_app_driver_get_cb
                0x10005924        0xc CMakeFiles/JDBlink5.dir/home/jon/pico/pico-sdk/src/rp2_common/pico_stdio_usb/reset_interface.c.obj
                0x10005924                usbd_app_driver_get_cb
 .text.tud_cdc_line_coding_cb
                0x10005930       0x34 CMakeFiles/JDBlink5.dir/home/jon/pico/pico-sdk/src/rp2_common/pico_stdio_usb/reset_interface.c.obj
                0x10005930                tud_cdc_line_coding_cb
 .text.stdio_usb_in_chars
                0x10005964       0x68 CMakeFiles/JDBlink5.dir/home/jon/pico/pico-sdk/src/rp2_common/pico_stdio_usb/stdio_usb.c.obj
                0x10005964                stdio_usb_in_chars
 .text.timer_task
                0x100059cc       0x10 CMakeFiles/JDBlink5.dir/home/jon/pico/pico-sdk/src/rp2_common/pico_stdio_usb/stdio_usb.c.obj
 .text.low_priority_worker_irq
                0x100059dc       0x20 CMakeFiles/JDBlink5.dir/home/jon/pico/pico-sdk/src/rp2_common/pico_stdio_usb/stdio_usb.c.obj
 .text.stdio_usb_out_chars
                0x100059fc       0xf0 CMakeFiles/JDBlink5.dir/home/jon/pico/pico-sdk/src/rp2_common/pico_stdio_usb/stdio_usb.c.obj
 .text.stdio_usb_init
                0x10005aec       0x8c CMakeFiles/JDBlink5.dir/home/jon/pico/pico-sdk/src/rp2_common/pico_stdio_usb/stdio_usb.c.obj
                0x10005aec                stdio_usb_init
 .text.tud_descriptor_device_cb
                0x10005b78        0x8 CMakeFiles/JDBlink5.dir/home/jon/pico/pico-sdk/src/rp2_common/pico_stdio_usb/stdio_usb_descriptors.c.obj
                0x10005b78                tud_descriptor_device_cb
 .text.tud_descriptor_configuration_cb
                0x10005b80        0x8 CMakeFiles/JDBlink5.dir/home/jon/pico/pico-sdk/src/rp2_common/pico_stdio_usb/stdio_usb_descriptors.c.obj
                0x10005b80                tud_descriptor_configuration_cb
 .text.tud_descriptor_string_cb
                0x10005b88       0x70 CMakeFiles/JDBlink5.dir/home/jon/pico/pico-sdk/src/rp2_common/pico_stdio_usb/stdio_usb_descriptors.c.obj
                0x10005b88                tud_descriptor_string_cb
 .text.dcd_rp2040_irq
                0x10005bf8      0x144 CMakeFiles/JDBlink5.dir/home/jon/pico/pico-sdk/lib/tinyusb/src/portable/raspberrypi/rp2040/dcd_rp2040.c.obj
 .text.dcd_int_enable
                0x10005d3c        0xc CMakeFiles/JDBlink5.dir/home/jon/pico/pico-sdk/lib/tinyusb/src/portable/raspberrypi/rp2040/dcd_rp2040.c.obj
                0x10005d3c                dcd_int_enable
 .text.dcd_set_address
                0x10005d48       0x28 CMakeFiles/JDBlink5.dir/home/jon/pico/pico-sdk/lib/tinyusb/src/portable/raspberrypi/rp2040/dcd_rp2040.c.obj
                0x10005d48                dcd_set_address
 .text.dcd_connect
                0x10005d70       0x10 CMakeFiles/JDBlink5.dir/home/jon/pico/pico-sdk/lib/tinyusb/src/portable/raspberrypi/rp2040/dcd_rp2040.c.obj
                0x10005d70                dcd_connect
 .text.dcd_init
                0x10005d80       0x98 CMakeFiles/JDBlink5.dir/home/jon/pico/pico-sdk/lib/tinyusb/src/portable/raspberrypi/rp2040/dcd_rp2040.c.obj
                0x10005d80                dcd_init
 .text.dcd_edpt0_status_complete
                0x10005e18       0x30 CMakeFiles/JDBlink5.dir/home/jon/pico/pico-sdk/lib/tinyusb/src/portable/raspberrypi/rp2040/dcd_rp2040.c.obj
                0x10005e18                dcd_edpt0_status_complete
 .text.dcd_edpt_open
                0x10005e48      0x140 CMakeFiles/JDBlink5.dir/home/jon/pico/pico-sdk/lib/tinyusb/src/portable/raspberrypi/rp2040/dcd_rp2040.c.obj
                0x10005e48                dcd_edpt_open
 .text.dcd_edpt_xfer
                0x10005f88       0x28 CMakeFiles/JDBlink5.dir/home/jon/pico/pico-sdk/lib/tinyusb/src/portable/raspberrypi/rp2040/dcd_rp2040.c.obj
                0x10005f88                dcd_edpt_xfer
 .text.dcd_edpt_stall
                0x10005fb0       0x48 CMakeFiles/JDBlink5.dir/home/jon/pico/pico-sdk/lib/tinyusb/src/portable/raspberrypi/rp2040/dcd_rp2040.c.obj
                0x10005fb0                dcd_edpt_stall
 .text.dcd_edpt_clear_stall
                0x10005ff8       0x44 CMakeFiles/JDBlink5.dir/home/jon/pico/pico-sdk/lib/tinyusb/src/portable/raspberrypi/rp2040/dcd_rp2040.c.obj
                0x10005ff8                dcd_edpt_clear_stall
 .text.rp2040_usb_init
                0x1000603c       0x50 CMakeFiles/JDBlink5.dir/home/jon/pico/pico-sdk/lib/tinyusb/src/portable/raspberrypi/rp2040/rp2040_usb.c.obj
                0x1000603c                rp2040_usb_init
 .text.hw_endpoint_reset_transfer
                0x1000608c       0x10 CMakeFiles/JDBlink5.dir/home/jon/pico/pico-sdk/lib/tinyusb/src/portable/raspberrypi/rp2040/rp2040_usb.c.obj
                0x1000608c                hw_endpoint_reset_transfer
 .text._hw_endpoint_buffer_control_update32
                0x1000609c       0x58 CMakeFiles/JDBlink5.dir/home/jon/pico/pico-sdk/lib/tinyusb/src/portable/raspberrypi/rp2040/rp2040_usb.c.obj
                0x1000609c                _hw_endpoint_buffer_control_update32
 .text._hw_endpoint_start_next_buffer
                0x100060f4       0x7c CMakeFiles/JDBlink5.dir/home/jon/pico/pico-sdk/lib/tinyusb/src/portable/raspberrypi/rp2040/rp2040_usb.c.obj
                0x100060f4                _hw_endpoint_start_next_buffer
 .text._hw_endpoint_xfer_continue
                0x10006170      0x120 CMakeFiles/JDBlink5.dir/home/jon/pico/pico-sdk/lib/tinyusb/src/portable/raspberrypi/rp2040/rp2040_usb.c.obj
                0x10006170                _hw_endpoint_xfer_continue
 .text._hw_endpoint_xfer
                0x10006290      0x160 CMakeFiles/JDBlink5.dir/home/jon/pico/pico-sdk/lib/tinyusb/src/portable/raspberrypi/rp2040/rp2040_usb.c.obj
                0x10006290                _hw_endpoint_xfer
 .text.tud_mounted
                0x100063f0       0x10 CMakeFiles/JDBlink5.dir/home/jon/pico/pico-sdk/lib/tinyusb/src/device/usbd.c.obj
                0x100063f0                tud_mounted
 .text.tud_suspended
                0x10006400       0x10 CMakeFiles/JDBlink5.dir/home/jon/pico/pico-sdk/lib/tinyusb/src/device/usbd.c.obj
                0x10006400                tud_suspended
 .text.tud_inited
                0x10006410        0xc CMakeFiles/JDBlink5.dir/home/jon/pico/pico-sdk/lib/tinyusb/src/device/usbd.c.obj
                0x10006410                tud_inited
 .text.tud_init
                0x1000641c       0xdc CMakeFiles/JDBlink5.dir/home/jon/pico/pico-sdk/lib/tinyusb/src/device/usbd.c.obj
                0x1000641c                tud_init
 .text.tud_task
                0x100064f8      0x84c CMakeFiles/JDBlink5.dir/home/jon/pico/pico-sdk/lib/tinyusb/src/device/usbd.c.obj
                0x100064f8                tud_task
 .text.dcd_event_bus_signal
                0x10006d44       0xe8 CMakeFiles/JDBlink5.dir/home/jon/pico/pico-sdk/lib/tinyusb/src/device/usbd.c.obj
                0x10006d44                dcd_event_bus_signal
 .text.dcd_event_bus_reset
                0x10006e2c       0x58 CMakeFiles/JDBlink5.dir/home/jon/pico/pico-sdk/lib/tinyusb/src/device/usbd.c.obj
                0x10006e2c                dcd_event_bus_reset
 .text.dcd_event_setup_received
                0x10006e84       0x50 CMakeFiles/JDBlink5.dir/home/jon/pico/pico-sdk/lib/tinyusb/src/device/usbd.c.obj
                0x10006e84                dcd_event_setup_received
 .text.dcd_event_xfer_complete
                0x10006ed4       0x68 CMakeFiles/JDBlink5.dir/home/jon/pico/pico-sdk/lib/tinyusb/src/device/usbd.c.obj
                0x10006ed4                dcd_event_xfer_complete
 .text.usbd_open_edpt_pair
                0x10006f3c       0xf4 CMakeFiles/JDBlink5.dir/home/jon/pico/pico-sdk/lib/tinyusb/src/device/usbd.c.obj
                0x10006f3c                usbd_open_edpt_pair
 .text.usbd_edpt_open
                0x10007030       0x8c CMakeFiles/JDBlink5.dir/home/jon/pico/pico-sdk/lib/tinyusb/src/device/usbd.c.obj
                0x10007030                usbd_edpt_open
 .text.usbd_edpt_claim
                0x100070bc       0x5c CMakeFiles/JDBlink5.dir/home/jon/pico/pico-sdk/lib/tinyusb/src/device/usbd.c.obj
                0x100070bc                usbd_edpt_claim
 .text.usbd_edpt_release
                0x10007118       0x4c CMakeFiles/JDBlink5.dir/home/jon/pico/pico-sdk/lib/tinyusb/src/device/usbd.c.obj
                0x10007118                usbd_edpt_release
 .text.usbd_edpt_xfer
                0x10007164       0x48 CMakeFiles/JDBlink5.dir/home/jon/pico/pico-sdk/lib/tinyusb/src/device/usbd.c.obj
                0x10007164                usbd_edpt_xfer
 .text.tud_control_status
                0x100071ac       0x30 CMakeFiles/JDBlink5.dir/home/jon/pico/pico-sdk/lib/tinyusb/src/device/usbd_control.c.obj
                0x100071ac                tud_control_status
 .text.tud_control_xfer
                0x100071dc       0xb4 CMakeFiles/JDBlink5.dir/home/jon/pico/pico-sdk/lib/tinyusb/src/device/usbd_control.c.obj
                0x100071dc                tud_control_xfer
 .text.usbd_control_reset
                0x10007290       0x14 CMakeFiles/JDBlink5.dir/home/jon/pico/pico-sdk/lib/tinyusb/src/device/usbd_control.c.obj
                0x10007290                usbd_control_reset
 .text.usbd_control_set_complete_callback
                0x100072a4        0xc CMakeFiles/JDBlink5.dir/home/jon/pico/pico-sdk/lib/tinyusb/src/device/usbd_control.c.obj
                0x100072a4                usbd_control_set_complete_callback
 .text.usbd_control_set_request
                0x100072b0       0x1c CMakeFiles/JDBlink5.dir/home/jon/pico/pico-sdk/lib/tinyusb/src/device/usbd_control.c.obj
                0x100072b0                usbd_control_set_request
 .text.usbd_control_xfer_cb
                0x100072cc       0xfc CMakeFiles/JDBlink5.dir/home/jon/pico/pico-sdk/lib/tinyusb/src/device/usbd_control.c.obj
                0x100072cc                usbd_control_xfer_cb
 .text.tud_cdc_n_connected
                0x100073c8       0x30 CMakeFiles/JDBlink5.dir/home/jon/pico/pico-sdk/lib/tinyusb/src/class/cdc/cdc_device.c.obj
                0x100073c8                tud_cdc_n_connected
 .text.tud_cdc_n_available
                0x100073f8       0x1c CMakeFiles/JDBlink5.dir/home/jon/pico/pico-sdk/lib/tinyusb/src/class/cdc/cdc_device.c.obj
                0x100073f8                tud_cdc_n_available
 .text.tud_cdc_n_read
                0x10007414       0x70 CMakeFiles/JDBlink5.dir/home/jon/pico/pico-sdk/lib/tinyusb/src/class/cdc/cdc_device.c.obj
                0x10007414                tud_cdc_n_read
 .text.tud_cdc_n_write
                0x10007484       0x90 CMakeFiles/JDBlink5.dir/home/jon/pico/pico-sdk/lib/tinyusb/src/class/cdc/cdc_device.c.obj
                0x10007484                tud_cdc_n_write
 .text.tud_cdc_n_write_flush
                0x10007514       0x78 CMakeFiles/JDBlink5.dir/home/jon/pico/pico-sdk/lib/tinyusb/src/class/cdc/cdc_device.c.obj
                0x10007514                tud_cdc_n_write_flush
 .text.tud_cdc_n_write_available
                0x1000758c       0x1c CMakeFiles/JDBlink5.dir/home/jon/pico/pico-sdk/lib/tinyusb/src/class/cdc/cdc_device.c.obj
                0x1000758c                tud_cdc_n_write_available
 .text.cdcd_init
                0x100075a8       0x7c CMakeFiles/JDBlink5.dir/home/jon/pico/pico-sdk/lib/tinyusb/src/class/cdc/cdc_device.c.obj
                0x100075a8                cdcd_init
 .text.cdcd_reset
                0x10007624       0x2c CMakeFiles/JDBlink5.dir/home/jon/pico/pico-sdk/lib/tinyusb/src/class/cdc/cdc_device.c.obj
                0x10007624                cdcd_reset
 .text.cdcd_open
                0x10007650       0xec CMakeFiles/JDBlink5.dir/home/jon/pico/pico-sdk/lib/tinyusb/src/class/cdc/cdc_device.c.obj
                0x10007650                cdcd_open
 .text.cdcd_control_xfer_cb
                0x1000773c       0xe4 CMakeFiles/JDBlink5.dir/home/jon/pico/pico-sdk/lib/tinyusb/src/class/cdc/cdc_device.c.obj
                0x1000773c                cdcd_control_xfer_cb
 .text.cdcd_xfer_cb
                0x10007820      0x198 CMakeFiles/JDBlink5.dir/home/jon/pico/pico-sdk/lib/tinyusb/src/class/cdc/cdc_device.c.obj
                0x10007820                cdcd_xfer_cb
 .text.tusb_init
                0x100079b8        0xc CMakeFiles/JDBlink5.dir/home/jon/pico/pico-sdk/lib/tinyusb/src/tusb.c.obj
                0x100079b8                tusb_init
 .text.tusb_inited
                0x100079c4        0x8 CMakeFiles/JDBlink5.dir/home/jon/pico/pico-sdk/lib/tinyusb/src/tusb.c.obj
                0x100079c4                tusb_inited
 .text.tu_fifo_config
                0x100079cc       0x78 CMakeFiles/JDBlink5.dir/home/jon/pico/pico-sdk/lib/tinyusb/src/common/tusb_fifo.c.obj
                0x100079cc                tu_fifo_config
 .text.tu_fifo_count
                0x10007a44       0x24 CMakeFiles/JDBlink5.dir/home/jon/pico/pico-sdk/lib/tinyusb/src/common/tusb_fifo.c.obj
                0x10007a44                tu_fifo_count
 .text.tu_fifo_empty
                0x10007a68       0x10 CMakeFiles/JDBlink5.dir/home/jon/pico/pico-sdk/lib/tinyusb/src/common/tusb_fifo.c.obj
                0x10007a68                tu_fifo_empty
 .text.tu_fifo_remaining
                0x10007a78       0x20 CMakeFiles/JDBlink5.dir/home/jon/pico/pico-sdk/lib/tinyusb/src/common/tusb_fifo.c.obj
                0x10007a78                tu_fifo_remaining
 .text.tu_fifo_read
                0x10007a98       0xa0 CMakeFiles/JDBlink5.dir/home/jon/pico/pico-sdk/lib/tinyusb/src/common/tusb_fifo.c.obj
                0x10007a98                tu_fifo_read
 .text.tu_fifo_read_n
                0x10007b38       0xf4 CMakeFiles/JDBlink5.dir/home/jon/pico/pico-sdk/lib/tinyusb/src/common/tusb_fifo.c.obj
                0x10007b38                tu_fifo_read_n
 .text.tu_fifo_write
                0x10007c2c       0x7c CMakeFiles/JDBlink5.dir/home/jon/pico/pico-sdk/lib/tinyusb/src/common/tusb_fifo.c.obj
                0x10007c2c                tu_fifo_write
 .text.tu_fifo_write_n
                0x10007ca8       0xf8 CMakeFiles/JDBlink5.dir/home/jon/pico/pico-sdk/lib/tinyusb/src/common/tusb_fifo.c.obj
                0x10007ca8                tu_fifo_write_n
 .text.tu_fifo_clear
                0x10007da0       0x4c CMakeFiles/JDBlink5.dir/home/jon/pico/pico-sdk/lib/tinyusb/src/common/tusb_fifo.c.obj
                0x10007da0                tu_fifo_clear
 .text.tu_fifo_set_overwritable
                0x10007dec       0x3c CMakeFiles/JDBlink5.dir/home/jon/pico/pico-sdk/lib/tinyusb/src/common/tusb_fifo.c.obj
                0x10007dec                tu_fifo_set_overwritable
 .text.startup._retrieve_unique_id_on_boot
                0x10007e28       0x10 CMakeFiles/JDBlink5.dir/home/jon/pico/pico-sdk/src/rp2_common/pico_unique_id/unique_id.c.obj
 .text.pico_get_unique_board_id_string
                0x10007e38      0x1cc CMakeFiles/JDBlink5.dir/home/jon/pico/pico-sdk/src/rp2_common/pico_unique_id/unique_id.c.obj
                0x10007e38                pico_get_unique_board_id_string
 .text.flash_get_unique_id
                0x10008004       0x3c CMakeFiles/JDBlink5.dir/home/jon/pico/pico-sdk/src/rp2_common/hardware_flash/flash.c.obj
                0x10008004                flash_get_unique_id
 .text          0x10008040       0x64 /usr/lib/gcc/arm-none-eabi/7.3.1/../../../arm-none-eabi/lib/thumb/v6-m/libc.a(lib_a-strlen-stub.o)
                0x10008040                strlen
 *(.fini)
 .fini          0x100080a4        0x4 /usr/lib/gcc/arm-none-eabi/7.3.1/thumb/v6-m/crti.o
                0x100080a4                _fini
 .fini.__stub   0x100080a8       0x70 linker stubs
 *crtbegin.o(.ctors)
 *crtbegin?.o(.ctors)
 *(EXCLUDE_FILE(*crtend.o *crtend?.o) .ctors)
 *(SORT_BY_NAME(.ctors.*))
 *(.ctors)
 *crtbegin.o(.dtors)
 *crtbegin?.o(.dtors)
 *(EXCLUDE_FILE(*crtend.o *crtend?.o) .dtors)
 *(SORT_BY_NAME(.dtors.*))
 *(.dtors)
 *(.eh_frame*)
 .eh_frame      0x10008118        0x0 /usr/lib/gcc/arm-none-eabi/7.3.1/thumb/v6-m/crtbegin.o
                0x10008118                . = ALIGN (0x4)

.glue_7         0x10008118        0x0
 .glue_7        0x10008118        0x0 linker stubs

.glue_7t        0x10008118        0x0
 .glue_7t       0x10008118        0x0 linker stubs

.vfp11_veneer   0x10008118        0x0
 .vfp11_veneer  0x10008118        0x0 linker stubs

.v4_bx          0x10008118        0x0
 .v4_bx         0x10008118        0x0 linker stubs

.iplt           0x10008118        0x0
 .iplt          0x10008118        0x0 /usr/lib/gcc/arm-none-eabi/7.3.1/thumb/v6-m/crtbegin.o

.rodata         0x10008118      0x55c
 *(EXCLUDE_FILE(*libm.a: *libc.a:*lib_a-mem*.o *libgcc.a:) .rodata*)
 .rodata.main.str1.4
                0x10008118        0xb CMakeFiles/JDBlink5.dir/main.c.obj
 *fill*         0x10008123        0x1 
 .rodata.spin_lock_claim_unused.str1.4
                0x10008124       0x1b CMakeFiles/JDBlink5.dir/home/jon/pico/pico-sdk/src/rp2_common/hardware_sync/sync.c.obj
 *fill*         0x1000813f        0x1 
 .rodata.hardware_alarm_claim.str1.4
                0x10008140       0x22 CMakeFiles/JDBlink5.dir/home/jon/pico/pico-sdk/src/rp2_common/hardware_timer/timer.c.obj
 *fill*         0x10008162        0x2 
 .rodata.hard_assertion_failure.str1.4
                0x10008164        0xc CMakeFiles/JDBlink5.dir/home/jon/pico/pico-sdk/src/rp2_common/pico_runtime/runtime.c.obj
 .rodata.panic.str1.4
                0x10008170       0x12 CMakeFiles/JDBlink5.dir/home/jon/pico/pico-sdk/src/rp2_common/pico_runtime/runtime.c.obj
 *fill*         0x10008182        0x2 
 .rodata._vsnprintf
                0x10008184      0x1e0 CMakeFiles/JDBlink5.dir/home/jon/pico/pico-sdk/src/rp2_common/pico_printf/printf.c.obj
 .rodata._etoa.part.0.str1.4
                0x10008364        0x9 CMakeFiles/JDBlink5.dir/home/jon/pico/pico-sdk/src/rp2_common/pico_printf/printf.c.obj
 *fill*         0x1000836d        0x3 
 .rodata._ftoa.str1.4
                0x10008370        0xc CMakeFiles/JDBlink5.dir/home/jon/pico/pico-sdk/src/rp2_common/pico_printf/printf.c.obj
 *fill*         0x1000837c        0x4 
 .rodata.pow10.5382
                0x10008380       0x50 CMakeFiles/JDBlink5.dir/home/jon/pico/pico-sdk/src/rp2_common/pico_printf/printf.c.obj
 .rodata.__bi_44
                0x100083d0        0xc CMakeFiles/JDBlink5.dir/home/jon/pico/pico-sdk/src/rp2_common/pico_standard_link/binary_info.c.obj
 .rodata.__bi_75
                0x100083dc        0xc CMakeFiles/JDBlink5.dir/home/jon/pico/pico-sdk/src/rp2_common/pico_standard_link/binary_info.c.obj
 .rodata.__bi_81
                0x100083e8        0xc CMakeFiles/JDBlink5.dir/home/jon/pico/pico-sdk/src/rp2_common/pico_standard_link/binary_info.c.obj
 .rodata.str1.4
                0x100083f4       0x40 CMakeFiles/JDBlink5.dir/home/jon/pico/pico-sdk/src/rp2_common/pico_standard_link/binary_info.c.obj
 .rodata.crlf_str.5813
                0x10008434        0x2 CMakeFiles/JDBlink5.dir/home/jon/pico/pico-sdk/src/rp2_common/pico_stdio/stdio.c.obj
 *fill*         0x10008436        0x2 
 .rodata._resetd_driver
                0x10008438       0x18 CMakeFiles/JDBlink5.dir/home/jon/pico/pico-sdk/src/rp2_common/pico_stdio_usb/reset_interface.c.obj
 .rodata.__bi_93.7070
                0x10008450        0xc CMakeFiles/JDBlink5.dir/home/jon/pico/pico-sdk/src/rp2_common/pico_stdio_usb/stdio_usb.c.obj
 .rodata.str1.4
                0x1000845c       0x13 CMakeFiles/JDBlink5.dir/home/jon/pico/pico-sdk/src/rp2_common/pico_stdio_usb/stdio_usb.c.obj
 *fill*         0x1000846f        0x1 
 .rodata.str1.4
                0x10008470       0x2a CMakeFiles/JDBlink5.dir/home/jon/pico/pico-sdk/src/rp2_common/pico_stdio_usb/stdio_usb_descriptors.c.obj
 *fill*         0x1000849a        0x2 
 .rodata.usbd_desc_cfg
                0x1000849c       0x54 CMakeFiles/JDBlink5.dir/home/jon/pico/pico-sdk/src/rp2_common/pico_stdio_usb/stdio_usb_descriptors.c.obj
 .rodata.usbd_desc_device
                0x100084f0       0x12 CMakeFiles/JDBlink5.dir/home/jon/pico/pico-sdk/src/rp2_common/pico_stdio_usb/stdio_usb_descriptors.c.obj
 *fill*         0x10008502        0x2 
 .rodata.usbd_desc_str
                0x10008504       0x18 CMakeFiles/JDBlink5.dir/home/jon/pico/pico-sdk/src/rp2_common/pico_stdio_usb/stdio_usb_descriptors.c.obj
 .rodata.dcd_edpt_open.str1.4
                0x1000851c       0x28 CMakeFiles/JDBlink5.dir/home/jon/pico/pico-sdk/lib/tinyusb/src/portable/raspberrypi/rp2040/dcd_rp2040.c.obj
 .rodata.dcd_rp2040_irq.str1.4
                0x10008544       0x14 CMakeFiles/JDBlink5.dir/home/jon/pico/pico-sdk/lib/tinyusb/src/portable/raspberrypi/rp2040/dcd_rp2040.c.obj
 .rodata._hw_endpoint_buffer_control_update32.str1.4
                0x10008558       0x1f CMakeFiles/JDBlink5.dir/home/jon/pico/pico-sdk/lib/tinyusb/src/portable/raspberrypi/rp2040/rp2040_usb.c.obj
 *fill*         0x10008577        0x1 
 .rodata._hw_endpoint_xfer_continue.str1.4
                0x10008578       0x50 CMakeFiles/JDBlink5.dir/home/jon/pico/pico-sdk/lib/tinyusb/src/portable/raspberrypi/rp2040/rp2040_usb.c.obj
 .rodata.str1.4
                0x100085c8        0x8 CMakeFiles/JDBlink5.dir/home/jon/pico/pico-sdk/lib/tinyusb/src/portable/raspberrypi/rp2040/rp2040_usb.c.obj
                                  0x7 (size before relaxing)
 .rodata.tud_task
                0x100085d0       0x8c CMakeFiles/JDBlink5.dir/home/jon/pico/pico-sdk/lib/tinyusb/src/device/usbd.c.obj
 .rodata._usbd_driver
                0x1000865c       0x18 CMakeFiles/JDBlink5.dir/home/jon/pico/pico-sdk/lib/tinyusb/src/device/usbd.c.obj
                0x10008674                . = ALIGN (0x4)
 *(SORT_BY_ALIGNMENT(SORT_BY_NAME(.flashdata*)))
                0x10008674                . = ALIGN (0x4)

.rel.dyn        0x10008674        0x0
 .rel.iplt      0x10008674        0x0 /usr/lib/gcc/arm-none-eabi/7.3.1/thumb/v6-m/crtbegin.o

.ARM.extab
 *(.ARM.extab* .gnu.linkonce.armextab.*)
                0x10008674                __exidx_start = .

.ARM.exidx
 *(.ARM.exidx* .gnu.linkonce.armexidx.*)
                0x10008674                __exidx_end = .
                0x10008674                . = ALIGN (0x4)
                0x10008674                __binary_info_start = .

.binary_info    0x10008674       0x20
 *(.binary_info.keep.*)
 .binary_info.keep.__bi_ptr22
                0x10008674        0x4 CMakeFiles/JDBlink5.dir/home/jon/pico/pico-sdk/src/rp2_common/pico_standard_link/binary_info.c.obj
 .binary_info.keep.__bi_ptr30
                0x10008678        0x4 CMakeFiles/JDBlink5.dir/home/jon/pico/pico-sdk/src/rp2_common/pico_standard_link/binary_info.c.obj
 .binary_info.keep.__bi_ptr38
                0x1000867c        0x4 CMakeFiles/JDBlink5.dir/home/jon/pico/pico-sdk/src/rp2_common/pico_standard_link/binary_info.c.obj
 .binary_info.keep.__bi_ptr44
                0x10008680        0x4 CMakeFiles/JDBlink5.dir/home/jon/pico/pico-sdk/src/rp2_common/pico_standard_link/binary_info.c.obj
 .binary_info.keep.__bi_ptr50
                0x10008684        0x4 CMakeFiles/JDBlink5.dir/home/jon/pico/pico-sdk/src/rp2_common/pico_standard_link/binary_info.c.obj
 .binary_info.keep.__bi_ptr75
                0x10008688        0x4 CMakeFiles/JDBlink5.dir/home/jon/pico/pico-sdk/src/rp2_common/pico_standard_link/binary_info.c.obj
 .binary_info.keep.__bi_ptr81
                0x1000868c        0x4 CMakeFiles/JDBlink5.dir/home/jon/pico/pico-sdk/src/rp2_common/pico_standard_link/binary_info.c.obj
 *(.binary_info.*)
 .binary_info.__bi_ptr93
                0x10008690        0x4 CMakeFiles/JDBlink5.dir/home/jon/pico/pico-sdk/src/rp2_common/pico_stdio_usb/stdio_usb.c.obj
                0x10008694                __binary_info_end = .
                0x10008694                . = ALIGN (0x4)
                0x10008694                __etext = .

.ram_vector_table
                0x20000000       0xc0
 *(.ram_vector_table)
 .ram_vector_table
                0x20000000       0xc0 CMakeFiles/JDBlink5.dir/home/jon/pico/pico-sdk/src/rp2_common/pico_runtime/runtime.c.obj
                0x20000000                ram_vector_table

.data           0x200000c0      0x420 load address 0x10008694
                0x200000c0                __data_start__ = .
 *(vtable)
 *(.time_critical*)
 .time_critical.mutex_enter_blocking
                0x200000c0       0x60 CMakeFiles/JDBlink5.dir/home/jon/pico/pico-sdk/src/common/pico_sync/mutex.c.obj
                0x200000c0                mutex_enter_blocking
 .time_critical.mutex_try_enter
                0x20000120       0x5c CMakeFiles/JDBlink5.dir/home/jon/pico/pico-sdk/src/common/pico_sync/mutex.c.obj
                0x20000120                mutex_try_enter
 .time_critical.mutex_enter_timeout_ms
                0x2000017c       0xb4 CMakeFiles/JDBlink5.dir/home/jon/pico/pico-sdk/src/common/pico_sync/mutex.c.obj
                0x2000017c                mutex_enter_timeout_ms
 .time_critical.mutex_exit
                0x20000230       0x58 CMakeFiles/JDBlink5.dir/home/jon/pico/pico-sdk/src/common/pico_sync/mutex.c.obj
                0x20000230                mutex_exit
 .time_critical.flash_init_boot2_copyout
                0x20000288       0x34 CMakeFiles/JDBlink5.dir/home/jon/pico/pico-sdk/src/rp2_common/hardware_flash/flash.c.obj
 .time_critical.flash_enable_xip_via_boot2
                0x200002bc       0x10 CMakeFiles/JDBlink5.dir/home/jon/pico/pico-sdk/src/rp2_common/hardware_flash/flash.c.obj
 .time_critical.flash_cs_force
                0x200002cc       0x38 CMakeFiles/JDBlink5.dir/home/jon/pico/pico-sdk/src/rp2_common/hardware_flash/flash.c.obj
 .time_critical.flash_do_cmd
                0x20000304       0x98 CMakeFiles/JDBlink5.dir/home/jon/pico/pico-sdk/src/rp2_common/hardware_flash/flash.c.obj
                0x20000304                flash_do_cmd
 *(.text*)
 .text          0x2000039c        0x4 /usr/lib/gcc/arm-none-eabi/7.3.1/thumb/v6-m/libgcc.a(_dvmd_tls.o)
                0x2000039c                __aeabi_ldiv0
                0x2000039c                __aeabi_idiv0
 .text.__stub   0x200003a0       0x40 linker stubs
                0x200003e0                . = ALIGN (0x4)
 *(.rodata*)
                0x200003e0                . = ALIGN (0x4)
 *(.data*)
 .data.striped_spin_lock_num
                0x200003e0        0x1 CMakeFiles/JDBlink5.dir/home/jon/pico/pico-sdk/src/rp2_common/hardware_sync/sync.c.obj
 *fill*         0x200003e1        0x3 
 .data.default_alarm_pool
                0x200003e4       0x18 CMakeFiles/JDBlink5.dir/home/jon/pico/pico-sdk/src/common/pico_time/time.c.obj
 .data.default_alarm_pool_heap
                0x200003fc       0x10 CMakeFiles/JDBlink5.dir/home/jon/pico/pico-sdk/src/common/pico_time/time.c.obj
 .data          0x2000040c       0x48 CMakeFiles/JDBlink5.dir/home/jon/pico/pico-sdk/src/rp2_common/hardware_irq/irq_handler_chain.S.obj
                0x2000040c                irq_handler_chain_slots
                0x2000043c                irq_handler_chain_first_slot
                0x20000446                irq_handler_chain_remove_tail
 *fill*         0x20000454        0xc 
 .data.aeabi_bits_funcs
                0x20000460       0x10 CMakeFiles/JDBlink5.dir/home/jon/pico/pico-sdk/src/rp2_common/pico_bit_ops/bit_ops_aeabi.S.obj
                0x20000460                aeabi_bits_funcs
                0x20000470                aeabi_bits_funcs_end
 .data.aeabi_mem_funcs
                0x20000470       0x10 CMakeFiles/JDBlink5.dir/home/jon/pico/pico-sdk/src/rp2_common/pico_mem_ops/mem_ops_aeabi.S.obj
                0x20000470                aeabi_mem_funcs
                0x20000480                aeabi_mem_funcs_end
 .data.stdio_usb
                0x20000480       0x14 CMakeFiles/JDBlink5.dir/home/jon/pico/pico-sdk/src/rp2_common/pico_stdio_usb/stdio_usb.c.obj
                0x20000480                stdio_usb
 .data.ep_dir_string
                0x20000494        0x8 CMakeFiles/JDBlink5.dir/home/jon/pico/pico-sdk/lib/tinyusb/src/portable/raspberrypi/rp2040/rp2040_usb.c.obj
                0x20000494                ep_dir_string
 .data._usbd_qdef
                0x2000049c       0x24 CMakeFiles/JDBlink5.dir/home/jon/pico/pico-sdk/lib/tinyusb/src/device/usbd.c.obj
                0x2000049c                _usbd_qdef
                0x200004c0                . = ALIGN (0x4)
 *(.after_data.*)
                0x200004c0                . = ALIGN (0x4)
                0x200004c0                PROVIDE (__mutex_array_start = .)
 *(SORT_BY_NAME(.mutex_array.*))
 *(.mutex_array)
 .mutex_array   0x200004c0        0x8 CMakeFiles/JDBlink5.dir/home/jon/pico/pico-sdk/src/rp2_common/pico_stdio/stdio.c.obj
                0x200004c8                PROVIDE (__mutex_array_end = .)
                0x200004c8                . = ALIGN (0x4)
                0x200004c8                PROVIDE (__preinit_array_start = .)
 *(SORT_BY_NAME(.preinit_array.*))
 .preinit_array.00001
                0x200004c8        0x4 CMakeFiles/JDBlink5.dir/home/jon/pico/pico-sdk/src/rp2_common/pico_mem_ops/mem_ops_aeabi.S.obj
 .preinit_array.00010
                0x200004cc        0x4 CMakeFiles/JDBlink5.dir/home/jon/pico/pico-sdk/src/rp2_common/pico_bit_ops/bit_ops_aeabi.S.obj
 .preinit_array.00020
                0x200004d0        0x4 CMakeFiles/JDBlink5.dir/home/jon/pico/pico-sdk/src/rp2_common/pico_double/double_aeabi.S.obj
 .preinit_array.00020
                0x200004d4        0x4 CMakeFiles/JDBlink5.dir/home/jon/pico/pico-sdk/src/rp2_common/pico_float/float_aeabi.S.obj
 *(.preinit_array)
                0x200004d8                PROVIDE (__preinit_array_end = .)
                0x200004d8                . = ALIGN (0x4)
                0x200004d8                PROVIDE (__init_array_start = .)
 *(SORT_BY_NAME(.init_array.*))
 *(.init_array)
 .init_array    0x200004d8        0x4 /usr/lib/gcc/arm-none-eabi/7.3.1/thumb/v6-m/crtbegin.o
 .init_array    0x200004dc        0x4 CMakeFiles/JDBlink5.dir/home/jon/pico/pico-sdk/src/rp2_common/pico_unique_id/unique_id.c.obj
                0x200004e0                PROVIDE (__init_array_end = .)
                0x200004e0                . = ALIGN (0x4)
                0x200004e0                PROVIDE (__fini_array_start = .)
 *(SORT_BY_NAME(.fini_array.*))
 *(.fini_array)
                0x200004e0                PROVIDE (__fini_array_end = .)
 *(.jcr)
                0x200004e0                . = ALIGN (0x4)
                0x200004e0                __data_end__ = .

.tm_clone_table
                0x200004e0        0x0 load address 0x10008ab4
 .tm_clone_table
                0x200004e0        0x0 /usr/lib/gcc/arm-none-eabi/7.3.1/thumb/v6-m/crtbegin.o
 .tm_clone_table
                0x200004e0        0x0 /usr/lib/gcc/arm-none-eabi/7.3.1/thumb/v6-m/crtend.o

.igot.plt       0x200004e0        0x0 load address 0x10008ab4
 .igot.plt      0x200004e0        0x0 /usr/lib/gcc/arm-none-eabi/7.3.1/thumb/v6-m/crtbegin.o

.uninitialized_data
                0x200004e0        0x0 load address 0x10008ab4
                0x200004e0                . = ALIGN (0x4)
 *(.uninitialized_data*)

.scratch_x      0x20040000        0x0 load address 0x10008ab4
                0x20040000                __scratch_x_start__ = .
 *(.scratch_x.*)
                0x20040000                . = ALIGN (0x4)
                0x20040000                __scratch_x_end__ = .
                0x10008ab4                __scratch_x_source__ = LOADADDR (.scratch_x)

.scratch_y      0x20041000        0x0 load address 0x10008ab4
                0x20041000                __scratch_y_start__ = .
 *(.scratch_y.*)
                0x20041000                . = ALIGN (0x4)
                0x20041000                __scratch_y_end__ = .
                0x10008ab4                __scratch_y_source__ = LOADADDR (.scratch_y)

.bss            0x200004e0      0xd64
                0x200004e0                . = ALIGN (0x4)
                0x200004e0                __bss_start__ = .
 *(SORT_BY_ALIGNMENT(SORT_BY_NAME(.bss*)))
 .bss.default_alarm_pool_entries
                0x200004e0      0x100 CMakeFiles/JDBlink5.dir/home/jon/pico/pico-sdk/src/common/pico_time/time.c.obj
 .bss.last_avail_time.7049
                0x200005e0        0x8 CMakeFiles/JDBlink5.dir/home/jon/pico/pico-sdk/src/rp2_common/pico_stdio_usb/stdio_usb.c.obj
 .bss           0x200005e8       0x1c /usr/lib/gcc/arm-none-eabi/7.3.1/thumb/v6-m/crtbegin.o
 .bss._app_driver
                0x20000604        0x4 CMakeFiles/JDBlink5.dir/home/jon/pico/pico-sdk/lib/tinyusb/src/device/usbd.c.obj
 .bss._cdcd_itf
                0x20000608      0x2d8 CMakeFiles/JDBlink5.dir/home/jon/pico/pico-sdk/lib/tinyusb/src/class/cdc/cdc_device.c.obj
 .bss._ctrl_xfer
                0x200008e0       0x14 CMakeFiles/JDBlink5.dir/home/jon/pico/pico-sdk/lib/tinyusb/src/device/usbd_control.c.obj
 .bss._ubsd_mutexdef
                0x200008f4        0x8 CMakeFiles/JDBlink5.dir/home/jon/pico/pico-sdk/lib/tinyusb/src/device/usbd.c.obj
 .bss._usbd_ctrl_buf
                0x200008fc       0x40 CMakeFiles/JDBlink5.dir/home/jon/pico/pico-sdk/lib/tinyusb/src/device/usbd_control.c.obj
 .bss._usbd_dev
                0x2000093c       0x37 CMakeFiles/JDBlink5.dir/home/jon/pico/pico-sdk/lib/tinyusb/src/device/usbd.c.obj
 *fill*         0x20000973        0x1 
 .bss._usbd_mutex
                0x20000974        0x4 CMakeFiles/JDBlink5.dir/home/jon/pico/pico-sdk/lib/tinyusb/src/device/usbd.c.obj
 .bss._usbd_q   0x20000978        0x4 CMakeFiles/JDBlink5.dir/home/jon/pico/pico-sdk/lib/tinyusb/src/device/usbd.c.obj
 .bss.alarm_callbacks
                0x2000097c       0x10 CMakeFiles/JDBlink5.dir/home/jon/pico/pico-sdk/src/rp2_common/hardware_timer/timer.c.obj
 .bss.boot2_copyout
                0x2000098c      0x100 CMakeFiles/JDBlink5.dir/home/jon/pico/pico-sdk/src/rp2_common/hardware_flash/flash.c.obj
 .bss.claimed   0x20000a8c        0x4 CMakeFiles/JDBlink5.dir/home/jon/pico/pico-sdk/src/rp2_common/hardware_sync/sync.c.obj
 .bss.configured_freq
                0x20000a90       0x28 CMakeFiles/JDBlink5.dir/home/jon/pico/pico-sdk/src/rp2_common/hardware_clocks/clocks.c.obj
 .bss.default_alarm_pool_entry_ids_high
                0x20000ab8       0x10 CMakeFiles/JDBlink5.dir/home/jon/pico/pico-sdk/src/common/pico_time/time.c.obj
 .bss.default_alarm_pool_heap_nodes
                0x20000ac8       0x30 CMakeFiles/JDBlink5.dir/home/jon/pico/pico-sdk/src/common/pico_time/time.c.obj
 .bss.desc_str.6953
                0x20000af8       0x28 CMakeFiles/JDBlink5.dir/home/jon/pico/pico-sdk/src/rp2_common/pico_stdio_usb/stdio_usb_descriptors.c.obj
 .bss.drivers   0x20000b20        0x4 CMakeFiles/JDBlink5.dir/home/jon/pico/pico-sdk/src/rp2_common/pico_stdio/stdio.c.obj
 .bss.filter    0x20000b24        0x4 CMakeFiles/JDBlink5.dir/home/jon/pico/pico-sdk/src/rp2_common/pico_stdio/stdio.c.obj
 .bss.hw_endpoints
                0x20000b28      0x400 CMakeFiles/JDBlink5.dir/home/jon/pico/pico-sdk/lib/tinyusb/src/portable/raspberrypi/rp2040/dcd_rp2040.c.obj
 .bss.lazy_vsnprintf
                0x20000f28        0x4 CMakeFiles/JDBlink5.dir/home/jon/pico/pico-sdk/src/rp2_common/pico_printf/printf.c.obj
 .bss.load_value
                0x20000f2c        0x4 CMakeFiles/JDBlink5.dir/home/jon/pico/pico-sdk/src/rp2_common/hardware_watchdog/watchdog.c.obj
 .bss.next_buffer_ptr
                0x20000f30        0x4 CMakeFiles/JDBlink5.dir/home/jon/pico/pico-sdk/lib/tinyusb/src/portable/raspberrypi/rp2040/dcd_rp2040.c.obj
 .bss.pools     0x20000f34       0x10 CMakeFiles/JDBlink5.dir/home/jon/pico/pico-sdk/src/common/pico_time/time.c.obj
 .bss.retrieved_id
                0x20000f44        0x8 CMakeFiles/JDBlink5.dir/home/jon/pico/pico-sdk/src/rp2_common/pico_unique_id/unique_id.c.obj
 .bss.sleep_notifier
                0x20000f4c        0x4 CMakeFiles/JDBlink5.dir/home/jon/pico/pico-sdk/src/common/pico_time/time.c.obj
 .bss.stdio_usb_mutex
                0x20000f50        0x8 CMakeFiles/JDBlink5.dir/home/jon/pico/pico-sdk/src/rp2_common/pico_stdio_usb/stdio_usb.c.obj
 .bss.target_hi
                0x20000f58       0x10 CMakeFiles/JDBlink5.dir/home/jon/pico/pico-sdk/src/rp2_common/hardware_timer/timer.c.obj
 .bss.usbd_serial_str
                0x20000f68       0x11 CMakeFiles/JDBlink5.dir/home/jon/pico/pico-sdk/src/rp2_common/pico_stdio_usb/stdio_usb_descriptors.c.obj
 .bss._app_driver_count
                0x20000f79        0x1 CMakeFiles/JDBlink5.dir/home/jon/pico/pico-sdk/lib/tinyusb/src/device/usbd.c.obj
 .bss._usbd_initialized
                0x20000f7a        0x1 CMakeFiles/JDBlink5.dir/home/jon/pico/pico-sdk/lib/tinyusb/src/device/usbd.c.obj
 .bss.boot2_copyout_valid
                0x20000f7b        0x1 CMakeFiles/JDBlink5.dir/home/jon/pico/pico-sdk/src/rp2_common/hardware_flash/flash.c.obj
 .bss.claimed   0x20000f7c        0x1 CMakeFiles/JDBlink5.dir/home/jon/pico/pico-sdk/src/rp2_common/hardware_timer/timer.c.obj
 .bss.irq_hander_chain_free_slot_head
                0x20000f7d        0x1 CMakeFiles/JDBlink5.dir/home/jon/pico/pico-sdk/src/rp2_common/hardware_irq/irq.c.obj
 .bss.itf_num   0x20000f7e        0x1 CMakeFiles/JDBlink5.dir/home/jon/pico/pico-sdk/src/rp2_common/pico_stdio_usb/reset_interface.c.obj
 .bss.timer_callbacks_pending
                0x20000f7f        0x1 CMakeFiles/JDBlink5.dir/home/jon/pico/pico-sdk/src/rp2_common/hardware_timer/timer.c.obj
 *(COMMON)
 COMMON         0x20000f80      0x100 CMakeFiles/JDBlink5.dir/home/jon/pico/pico-sdk/src/rp2_common/pico_double/double_init_rom.c.obj
                0x20000f80                sd_table
 COMMON         0x20001080      0x104 CMakeFiles/JDBlink5.dir/home/jon/pico/pico-sdk/src/rp2_common/pico_float/float_init_rom.c.obj
                0x20001080                sf_table
                0x20001180                sf_clz_func
 COMMON         0x20001184       0xc0 CMakeFiles/JDBlink5.dir/home/jon/pico/pico-sdk/lib/tinyusb/src/device/usbd.c.obj
                0x20001184                _usbd_qdef_buf
                0x20001244                . = ALIGN (0x4)
                0x20001244                __bss_end__ = .

.heap           0x20001244      0x800
                0x20001244                __end__ = .
                0x20001244                end = __end__
 *(.heap*)
 .heap          0x20001244      0x800 CMakeFiles/JDBlink5.dir/home/jon/pico/pico-sdk/src/rp2_common/pico_standard_link/crt0.S.obj
                0x20001a44                __HeapLimit = .

.stack1_dummy   0x20040000        0x0
 *(.stack1*)

.stack_dummy    0x20041000      0x800
 *(.stack*)
 .stack         0x20041000      0x800 CMakeFiles/JDBlink5.dir/home/jon/pico/pico-sdk/src/rp2_common/pico_standard_link/crt0.S.obj

.flash_end      0x10008ab4        0x0
                0x10008ab4                __flash_binary_end = .
                0x20040000                __StackLimit = (ORIGIN (RAM) + LENGTH (RAM))
                0x20041000                __StackOneTop = (ORIGIN (SCRATCH_X) + LENGTH (SCRATCH_X))
                0x20042000                __StackTop = (ORIGIN (SCRATCH_Y) + LENGTH (SCRATCH_Y))
                0x20041000                __StackOneBottom = (__StackOneTop - SIZEOF (.stack1_dummy))
                0x20041800                __StackBottom = (__StackTop - SIZEOF (.stack_dummy))
                0x20042000                PROVIDE (__stack = __StackTop)
                0x00000001                ASSERT ((__StackLimit >= __HeapLimit), region RAM overflowed)
                0x00000001                ASSERT (((__binary_info_header_end - __logical_binary_start) <= 0x100), Binary info must be in first 256 bytes of the binary)
LOAD CMakeFiles/JDBlink5.dir/blink.c.obj
LOAD CMakeFiles/JDBlink5.dir/main.c.obj
LOAD CMakeFiles/JDBlink5.dir/home/jon/pico/pico-sdk/src/rp2_common/pico_stdlib/stdlib.c.obj
LOAD CMakeFiles/JDBlink5.dir/home/jon/pico/pico-sdk/src/rp2_common/hardware_gpio/gpio.c.obj
LOAD CMakeFiles/JDBlink5.dir/home/jon/pico/pico-sdk/src/rp2_common/hardware_claim/claim.c.obj
LOAD CMakeFiles/JDBlink5.dir/home/jon/pico/pico-sdk/src/rp2_common/pico_platform/platform.c.obj
LOAD CMakeFiles/JDBlink5.dir/home/jon/pico/pico-sdk/src/rp2_common/hardware_sync/sync.c.obj
LOAD CMakeFiles/JDBlink5.dir/home/jon/pico/pico-sdk/src/rp2_common/hardware_uart/uart.c.obj
LOAD CMakeFiles/JDBlink5.dir/home/jon/pico/pico-sdk/src/rp2_common/hardware_divider/divider.S.obj
LOAD CMakeFiles/JDBlink5.dir/home/jon/pico/pico-sdk/src/common/pico_time/time.c.obj
LOAD CMakeFiles/JDBlink5.dir/home/jon/pico/pico-sdk/src/common/pico_time/timeout_helper.c.obj
LOAD CMakeFiles/JDBlink5.dir/home/jon/pico/pico-sdk/src/rp2_common/hardware_timer/timer.c.obj
LOAD CMakeFiles/JDBlink5.dir/home/jon/pico/pico-sdk/src/common/pico_sync/sem.c.obj
LOAD CMakeFiles/JDBlink5.dir/home/jon/pico/pico-sdk/src/common/pico_sync/lock_core.c.obj
LOAD CMakeFiles/JDBlink5.dir/home/jon/pico/pico-sdk/src/common/pico_sync/mutex.c.obj
LOAD CMakeFiles/JDBlink5.dir/home/jon/pico/pico-sdk/src/common/pico_sync/critical_section.c.obj
LOAD CMakeFiles/JDBlink5.dir/home/jon/pico/pico-sdk/src/common/pico_util/datetime.c.obj
LOAD CMakeFiles/JDBlink5.dir/home/jon/pico/pico-sdk/src/common/pico_util/pheap.c.obj
LOAD CMakeFiles/JDBlink5.dir/home/jon/pico/pico-sdk/src/common/pico_util/queue.c.obj
LOAD CMakeFiles/JDBlink5.dir/home/jon/pico/pico-sdk/src/rp2_common/pico_runtime/runtime.c.obj
LOAD CMakeFiles/JDBlink5.dir/home/jon/pico/pico-sdk/src/rp2_common/hardware_clocks/clocks.c.obj
LOAD CMakeFiles/JDBlink5.dir/home/jon/pico/pico-sdk/src/rp2_common/hardware_irq/irq.c.obj
LOAD CMakeFiles/JDBlink5.dir/home/jon/pico/pico-sdk/src/rp2_common/hardware_irq/irq_handler_chain.S.obj
LOAD CMakeFiles/JDBlink5.dir/home/jon/pico/pico-sdk/src/rp2_common/hardware_pll/pll.c.obj
LOAD CMakeFiles/JDBlink5.dir/home/jon/pico/pico-sdk/src/rp2_common/hardware_vreg/vreg.c.obj
LOAD CMakeFiles/JDBlink5.dir/home/jon/pico/pico-sdk/src/rp2_common/hardware_watchdog/watchdog.c.obj
LOAD CMakeFiles/JDBlink5.dir/home/jon/pico/pico-sdk/src/rp2_common/hardware_xosc/xosc.c.obj
LOAD CMakeFiles/JDBlink5.dir/home/jon/pico/pico-sdk/src/rp2_common/pico_printf/printf.c.obj
LOAD CMakeFiles/JDBlink5.dir/home/jon/pico/pico-sdk/src/rp2_common/pico_bit_ops/bit_ops_aeabi.S.obj
LOAD CMakeFiles/JDBlink5.dir/home/jon/pico/pico-sdk/src/rp2_common/pico_bootrom/bootrom.c.obj
LOAD CMakeFiles/JDBlink5.dir/home/jon/pico/pico-sdk/src/rp2_common/pico_divider/divider.S.obj
LOAD CMakeFiles/JDBlink5.dir/home/jon/pico/pico-sdk/src/rp2_common/pico_double/double_aeabi.S.obj
LOAD CMakeFiles/JDBlink5.dir/home/jon/pico/pico-sdk/src/rp2_common/pico_double/double_init_rom.c.obj
LOAD CMakeFiles/JDBlink5.dir/home/jon/pico/pico-sdk/src/rp2_common/pico_double/double_math.c.obj
LOAD CMakeFiles/JDBlink5.dir/home/jon/pico/pico-sdk/src/rp2_common/pico_double/double_v1_rom_shim.S.obj
LOAD CMakeFiles/JDBlink5.dir/home/jon/pico/pico-sdk/src/rp2_common/pico_int64_ops/pico_int64_ops_aeabi.S.obj
LOAD CMakeFiles/JDBlink5.dir/home/jon/pico/pico-sdk/src/rp2_common/pico_float/float_aeabi.S.obj
LOAD CMakeFiles/JDBlink5.dir/home/jon/pico/pico-sdk/src/rp2_common/pico_float/float_init_rom.c.obj
LOAD CMakeFiles/JDBlink5.dir/home/jon/pico/pico-sdk/src/rp2_common/pico_float/float_math.c.obj
LOAD CMakeFiles/JDBlink5.dir/home/jon/pico/pico-sdk/src/rp2_common/pico_float/float_v1_rom_shim.S.obj
LOAD CMakeFiles/JDBlink5.dir/home/jon/pico/pico-sdk/src/rp2_common/pico_malloc/pico_malloc.c.obj
LOAD CMakeFiles/JDBlink5.dir/home/jon/pico/pico-sdk/src/rp2_common/pico_mem_ops/mem_ops_aeabi.S.obj
LOAD CMakeFiles/JDBlink5.dir/home/jon/pico/pico-sdk/src/rp2_common/pico_standard_link/crt0.S.obj
LOAD CMakeFiles/JDBlink5.dir/home/jon/pico/pico-sdk/src/rp2_common/pico_standard_link/new_delete.cpp.obj
LOAD CMakeFiles/JDBlink5.dir/home/jon/pico/pico-sdk/src/rp2_common/pico_standard_link/binary_info.c.obj
LOAD CMakeFiles/JDBlink5.dir/home/jon/pico/pico-sdk/src/rp2_common/pico_stdio/stdio.c.obj
LOAD CMakeFiles/JDBlink5.dir/home/jon/pico/pico-sdk/src/rp2_common/pico_stdio_usb/reset_interface.c.obj
LOAD CMakeFiles/JDBlink5.dir/home/jon/pico/pico-sdk/src/rp2_common/pico_stdio_usb/stdio_usb.c.obj
LOAD CMakeFiles/JDBlink5.dir/home/jon/pico/pico-sdk/src/rp2_common/pico_stdio_usb/stdio_usb_descriptors.c.obj
LOAD CMakeFiles/JDBlink5.dir/home/jon/pico/pico-sdk/lib/tinyusb/src/portable/raspberrypi/rp2040/dcd_rp2040.c.obj
LOAD CMakeFiles/JDBlink5.dir/home/jon/pico/pico-sdk/lib/tinyusb/src/portable/raspberrypi/rp2040/rp2040_usb.c.obj
LOAD CMakeFiles/JDBlink5.dir/home/jon/pico/pico-sdk/lib/tinyusb/src/device/usbd.c.obj
LOAD CMakeFiles/JDBlink5.dir/home/jon/pico/pico-sdk/lib/tinyusb/src/device/usbd_control.c.obj
LOAD CMakeFiles/JDBlink5.dir/home/jon/pico/pico-sdk/lib/tinyusb/src/class/audio/audio_device.c.obj
LOAD CMakeFiles/JDBlink5.dir/home/jon/pico/pico-sdk/lib/tinyusb/src/class/cdc/cdc_device.c.obj
LOAD CMakeFiles/JDBlink5.dir/home/jon/pico/pico-sdk/lib/tinyusb/src/class/dfu/dfu_device.c.obj
LOAD CMakeFiles/JDBlink5.dir/home/jon/pico/pico-sdk/lib/tinyusb/src/class/dfu/dfu_rt_device.c.obj
LOAD CMakeFiles/JDBlink5.dir/home/jon/pico/pico-sdk/lib/tinyusb/src/class/hid/hid_device.c.obj
LOAD CMakeFiles/JDBlink5.dir/home/jon/pico/pico-sdk/lib/tinyusb/src/class/midi/midi_device.c.obj
LOAD CMakeFiles/JDBlink5.dir/home/jon/pico/pico-sdk/lib/tinyusb/src/class/msc/msc_device.c.obj
LOAD CMakeFiles/JDBlink5.dir/home/jon/pico/pico-sdk/lib/tinyusb/src/class/net/net_device.c.obj
LOAD CMakeFiles/JDBlink5.dir/home/jon/pico/pico-sdk/lib/tinyusb/src/class/usbtmc/usbtmc_device.c.obj
LOAD CMakeFiles/JDBlink5.dir/home/jon/pico/pico-sdk/lib/tinyusb/src/class/vendor/vendor_device.c.obj
LOAD CMakeFiles/JDBlink5.dir/home/jon/pico/pico-sdk/lib/tinyusb/src/tusb.c.obj
LOAD CMakeFiles/JDBlink5.dir/home/jon/pico/pico-sdk/lib/tinyusb/src/common/tusb_fifo.c.obj
LOAD CMakeFiles/JDBlink5.dir/home/jon/pico/pico-sdk/src/rp2_common/pico_fix/rp2040_usb_device_enumeration/rp2040_usb_device_enumeration.c.obj
LOAD CMakeFiles/JDBlink5.dir/home/jon/pico/pico-sdk/src/rp2_common/pico_unique_id/unique_id.c.obj
LOAD CMakeFiles/JDBlink5.dir/home/jon/pico/pico-sdk/src/rp2_common/hardware_flash/flash.c.obj
LOAD /tmp/ccmQuiSQ.o
LOAD /usr/lib/gcc/arm-none-eabi/7.3.1/../../../arm-none-eabi/lib/thumb/v6-m/libstdc++.a
LOAD /usr/lib/gcc/arm-none-eabi/7.3.1/../../../arm-none-eabi/lib/thumb/v6-m/libm.a
START GROUP
LOAD /usr/lib/gcc/arm-none-eabi/7.3.1/thumb/v6-m/libgcc.a
LOAD /usr/lib/gcc/arm-none-eabi/7.3.1/../../../arm-none-eabi/lib/thumb/v6-m/libc.a
END GROUP
START GROUP
LOAD /usr/lib/gcc/arm-none-eabi/7.3.1/thumb/v6-m/libgcc.a
LOAD /usr/lib/gcc/arm-none-eabi/7.3.1/../../../arm-none-eabi/lib/thumb/v6-m/libc.a
LOAD /usr/lib/gcc/arm-none-eabi/7.3.1/../../../arm-none-eabi/lib/thumb/v6-m/libnosys.a
END GROUP
LOAD /usr/lib/gcc/arm-none-eabi/7.3.1/thumb/v6-m/crtend.o
LOAD /usr/lib/gcc/arm-none-eabi/7.3.1/thumb/v6-m/crtn.o
OUTPUT(JDBlink5.elf elf32-littlearm)

.ARM.attributes
                0x00000000       0x28
 .ARM.attributes
                0x00000000       0x1e /usr/lib/gcc/arm-none-eabi/7.3.1/thumb/v6-m/crti.o
 .ARM.attributes
                0x0000001e       0x2c /usr/lib/gcc/arm-none-eabi/7.3.1/thumb/v6-m/crtbegin.o
 .ARM.attributes
                0x0000004a       0x32 CMakeFiles/JDBlink5.dir/blink.c.obj
 .ARM.attributes
                0x0000007c       0x32 CMakeFiles/JDBlink5.dir/main.c.obj
 .ARM.attributes
                0x000000ae       0x32 CMakeFiles/JDBlink5.dir/home/jon/pico/pico-sdk/src/rp2_common/hardware_gpio/gpio.c.obj
 .ARM.attributes
                0x000000e0       0x32 CMakeFiles/JDBlink5.dir/home/jon/pico/pico-sdk/src/rp2_common/hardware_claim/claim.c.obj
 .ARM.attributes
                0x00000112       0x32 CMakeFiles/JDBlink5.dir/home/jon/pico/pico-sdk/src/rp2_common/pico_platform/platform.c.obj
 .ARM.attributes
                0x00000144       0x32 CMakeFiles/JDBlink5.dir/home/jon/pico/pico-sdk/src/rp2_common/hardware_sync/sync.c.obj
 .ARM.attributes
                0x00000176       0x32 CMakeFiles/JDBlink5.dir/home/jon/pico/pico-sdk/src/common/pico_time/time.c.obj
 .ARM.attributes
                0x000001a8       0x32 CMakeFiles/JDBlink5.dir/home/jon/pico/pico-sdk/src/rp2_common/hardware_timer/timer.c.obj
 .ARM.attributes
                0x000001da       0x32 CMakeFiles/JDBlink5.dir/home/jon/pico/pico-sdk/src/common/pico_sync/lock_core.c.obj
 .ARM.attributes
                0x0000020c       0x32 CMakeFiles/JDBlink5.dir/home/jon/pico/pico-sdk/src/common/pico_sync/mutex.c.obj
 .ARM.attributes
                0x0000023e       0x32 CMakeFiles/JDBlink5.dir/home/jon/pico/pico-sdk/src/common/pico_sync/critical_section.c.obj
 .ARM.attributes
                0x00000270       0x32 CMakeFiles/JDBlink5.dir/home/jon/pico/pico-sdk/src/common/pico_util/pheap.c.obj
 .ARM.attributes
                0x000002a2       0x32 CMakeFiles/JDBlink5.dir/home/jon/pico/pico-sdk/src/rp2_common/pico_runtime/runtime.c.obj
 .ARM.attributes
                0x000002d4       0x32 CMakeFiles/JDBlink5.dir/home/jon/pico/pico-sdk/src/rp2_common/hardware_clocks/clocks.c.obj
 .ARM.attributes
                0x00000306       0x32 CMakeFiles/JDBlink5.dir/home/jon/pico/pico-sdk/src/rp2_common/hardware_irq/irq.c.obj
 .ARM.attributes
                0x00000338       0x22 CMakeFiles/JDBlink5.dir/home/jon/pico/pico-sdk/src/rp2_common/hardware_irq/irq_handler_chain.S.obj
 .ARM.attributes
                0x0000035a       0x32 CMakeFiles/JDBlink5.dir/home/jon/pico/pico-sdk/src/rp2_common/hardware_pll/pll.c.obj
 .ARM.attributes
                0x0000038c       0x32 CMakeFiles/JDBlink5.dir/home/jon/pico/pico-sdk/src/rp2_common/hardware_watchdog/watchdog.c.obj
 .ARM.attributes
                0x000003be       0x32 CMakeFiles/JDBlink5.dir/home/jon/pico/pico-sdk/src/rp2_common/hardware_xosc/xosc.c.obj
 .ARM.attributes
                0x000003f0       0x32 CMakeFiles/JDBlink5.dir/home/jon/pico/pico-sdk/src/rp2_common/pico_printf/printf.c.obj
 .ARM.attributes
                0x00000422       0x22 CMakeFiles/JDBlink5.dir/home/jon/pico/pico-sdk/src/rp2_common/pico_bit_ops/bit_ops_aeabi.S.obj
 .ARM.attributes
                0x00000444       0x32 CMakeFiles/JDBlink5.dir/home/jon/pico/pico-sdk/src/rp2_common/pico_bootrom/bootrom.c.obj
 .ARM.attributes
                0x00000476       0x22 CMakeFiles/JDBlink5.dir/home/jon/pico/pico-sdk/src/rp2_common/pico_divider/divider.S.obj
 .ARM.attributes
                0x00000498       0x22 CMakeFiles/JDBlink5.dir/home/jon/pico/pico-sdk/src/rp2_common/pico_double/double_aeabi.S.obj
 .ARM.attributes
                0x000004ba       0x32 CMakeFiles/JDBlink5.dir/home/jon/pico/pico-sdk/src/rp2_common/pico_double/double_init_rom.c.obj
 .ARM.attributes
                0x000004ec       0x22 CMakeFiles/JDBlink5.dir/home/jon/pico/pico-sdk/src/rp2_common/pico_double/double_v1_rom_shim.S.obj
 .ARM.attributes
                0x0000050e       0x22 CMakeFiles/JDBlink5.dir/home/jon/pico/pico-sdk/src/rp2_common/pico_int64_ops/pico_int64_ops_aeabi.S.obj
 .ARM.attributes
                0x00000530       0x22 CMakeFiles/JDBlink5.dir/home/jon/pico/pico-sdk/src/rp2_common/pico_float/float_aeabi.S.obj
 .ARM.attributes
                0x00000552       0x32 CMakeFiles/JDBlink5.dir/home/jon/pico/pico-sdk/src/rp2_common/pico_float/float_init_rom.c.obj
 .ARM.attributes
                0x00000584       0x22 CMakeFiles/JDBlink5.dir/home/jon/pico/pico-sdk/src/rp2_common/pico_float/float_v1_rom_shim.S.obj
 .ARM.attributes
                0x000005a6       0x22 CMakeFiles/JDBlink5.dir/home/jon/pico/pico-sdk/src/rp2_common/pico_mem_ops/mem_ops_aeabi.S.obj
 .ARM.attributes
                0x000005c8       0x22 CMakeFiles/JDBlink5.dir/home/jon/pico/pico-sdk/src/rp2_common/pico_standard_link/crt0.S.obj
 .ARM.attributes
                0x000005ea       0x32 CMakeFiles/JDBlink5.dir/home/jon/pico/pico-sdk/src/rp2_common/pico_standard_link/binary_info.c.obj
 .ARM.attributes
                0x0000061c       0x32 CMakeFiles/JDBlink5.dir/home/jon/pico/pico-sdk/src/rp2_common/pico_stdio/stdio.c.obj
 .ARM.attributes
                0x0000064e       0x32 CMakeFiles/JDBlink5.dir/home/jon/pico/pico-sdk/src/rp2_common/pico_stdio_usb/reset_interface.c.obj
 .ARM.attributes
                0x00000680       0x32 CMakeFiles/JDBlink5.dir/home/jon/pico/pico-sdk/src/rp2_common/pico_stdio_usb/stdio_usb.c.obj
 .ARM.attributes
                0x000006b2       0x32 CMakeFiles/JDBlink5.dir/home/jon/pico/pico-sdk/src/rp2_common/pico_stdio_usb/stdio_usb_descriptors.c.obj
 .ARM.attributes
                0x000006e4       0x32 CMakeFiles/JDBlink5.dir/home/jon/pico/pico-sdk/lib/tinyusb/src/portable/raspberrypi/rp2040/dcd_rp2040.c.obj
 .ARM.attributes
                0x00000716       0x32 CMakeFiles/JDBlink5.dir/home/jon/pico/pico-sdk/lib/tinyusb/src/portable/raspberrypi/rp2040/rp2040_usb.c.obj
 .ARM.attributes
                0x00000748       0x32 CMakeFiles/JDBlink5.dir/home/jon/pico/pico-sdk/lib/tinyusb/src/device/usbd.c.obj
 .ARM.attributes
                0x0000077a       0x32 CMakeFiles/JDBlink5.dir/home/jon/pico/pico-sdk/lib/tinyusb/src/device/usbd_control.c.obj
 .ARM.attributes
                0x000007ac       0x32 CMakeFiles/JDBlink5.dir/home/jon/pico/pico-sdk/lib/tinyusb/src/class/cdc/cdc_device.c.obj
 .ARM.attributes
                0x000007de       0x32 CMakeFiles/JDBlink5.dir/home/jon/pico/pico-sdk/lib/tinyusb/src/tusb.c.obj
 .ARM.attributes
                0x00000810       0x32 CMakeFiles/JDBlink5.dir/home/jon/pico/pico-sdk/lib/tinyusb/src/common/tusb_fifo.c.obj
 .ARM.attributes
                0x00000842       0x32 CMakeFiles/JDBlink5.dir/home/jon/pico/pico-sdk/src/rp2_common/pico_unique_id/unique_id.c.obj
 .ARM.attributes
                0x00000874       0x32 CMakeFiles/JDBlink5.dir/home/jon/pico/pico-sdk/src/rp2_common/hardware_flash/flash.c.obj
 .ARM.attributes
                0x000008a6       0x22 /tmp/ccmQuiSQ.o
 .ARM.attributes
                0x000008c8       0x1e /usr/lib/gcc/arm-none-eabi/7.3.1/thumb/v6-m/libgcc.a(_dvmd_tls.o)
 .ARM.attributes
                0x000008e6       0x2c /usr/lib/gcc/arm-none-eabi/7.3.1/../../../arm-none-eabi/lib/thumb/v6-m/libc.a(lib_a-strlen-stub.o)
 .ARM.attributes
                0x00000912       0x2c /usr/lib/gcc/arm-none-eabi/7.3.1/thumb/v6-m/crtend.o

.comment        0x00000000       0xae
 .comment       0x00000000       0x57 /usr/lib/gcc/arm-none-eabi/7.3.1/thumb/v6-m/crtbegin.o
                                 0x58 (size before relaxing)
 .comment       0x00000057       0x58 CMakeFiles/JDBlink5.dir/blink.c.obj
 .comment       0x00000057       0x58 CMakeFiles/JDBlink5.dir/main.c.obj
 .comment       0x00000057       0x58 CMakeFiles/JDBlink5.dir/home/jon/pico/pico-sdk/src/rp2_common/hardware_gpio/gpio.c.obj
 .comment       0x00000057       0x58 CMakeFiles/JDBlink5.dir/home/jon/pico/pico-sdk/src/rp2_common/hardware_claim/claim.c.obj
 .comment       0x00000057       0x58 CMakeFiles/JDBlink5.dir/home/jon/pico/pico-sdk/src/rp2_common/pico_platform/platform.c.obj
 .comment       0x00000057       0x58 CMakeFiles/JDBlink5.dir/home/jon/pico/pico-sdk/src/rp2_common/hardware_sync/sync.c.obj
 .comment       0x00000057       0x58 CMakeFiles/JDBlink5.dir/home/jon/pico/pico-sdk/src/common/pico_time/time.c.obj
 .comment       0x00000057       0x58 CMakeFiles/JDBlink5.dir/home/jon/pico/pico-sdk/src/rp2_common/hardware_timer/timer.c.obj
 .comment       0x00000057       0x58 CMakeFiles/JDBlink5.dir/home/jon/pico/pico-sdk/src/common/pico_sync/lock_core.c.obj
 .comment       0x00000057       0x58 CMakeFiles/JDBlink5.dir/home/jon/pico/pico-sdk/src/common/pico_sync/mutex.c.obj
 .comment       0x00000057       0x58 CMakeFiles/JDBlink5.dir/home/jon/pico/pico-sdk/src/common/pico_sync/critical_section.c.obj
 .comment       0x00000057       0x58 CMakeFiles/JDBlink5.dir/home/jon/pico/pico-sdk/src/common/pico_util/pheap.c.obj
 .comment       0x00000057       0x58 CMakeFiles/JDBlink5.dir/home/jon/pico/pico-sdk/src/rp2_common/pico_runtime/runtime.c.obj
 .comment       0x00000057       0x58 CMakeFiles/JDBlink5.dir/home/jon/pico/pico-sdk/src/rp2_common/hardware_clocks/clocks.c.obj
 .comment       0x00000057       0x58 CMakeFiles/JDBlink5.dir/home/jon/pico/pico-sdk/src/rp2_common/hardware_irq/irq.c.obj
 .comment       0x00000057       0x58 CMakeFiles/JDBlink5.dir/home/jon/pico/pico-sdk/src/rp2_common/hardware_pll/pll.c.obj
 .comment       0x00000057       0x58 CMakeFiles/JDBlink5.dir/home/jon/pico/pico-sdk/src/rp2_common/hardware_watchdog/watchdog.c.obj
 .comment       0x00000057       0x58 CMakeFiles/JDBlink5.dir/home/jon/pico/pico-sdk/src/rp2_common/hardware_xosc/xosc.c.obj
 .comment       0x00000057       0x58 CMakeFiles/JDBlink5.dir/home/jon/pico/pico-sdk/src/rp2_common/pico_printf/printf.c.obj
 .comment       0x00000057       0x58 CMakeFiles/JDBlink5.dir/home/jon/pico/pico-sdk/src/rp2_common/pico_bootrom/bootrom.c.obj
 .comment       0x00000057       0x58 CMakeFiles/JDBlink5.dir/home/jon/pico/pico-sdk/src/rp2_common/pico_double/double_init_rom.c.obj
 .comment       0x00000057       0x58 CMakeFiles/JDBlink5.dir/home/jon/pico/pico-sdk/src/rp2_common/pico_float/float_init_rom.c.obj
 .comment       0x00000057       0x58 CMakeFiles/JDBlink5.dir/home/jon/pico/pico-sdk/src/rp2_common/pico_standard_link/binary_info.c.obj
 .comment       0x00000057       0x58 CMakeFiles/JDBlink5.dir/home/jon/pico/pico-sdk/src/rp2_common/pico_stdio/stdio.c.obj
 .comment       0x00000057       0x58 CMakeFiles/JDBlink5.dir/home/jon/pico/pico-sdk/src/rp2_common/pico_stdio_usb/reset_interface.c.obj
 .comment       0x00000057       0x58 CMakeFiles/JDBlink5.dir/home/jon/pico/pico-sdk/src/rp2_common/pico_stdio_usb/stdio_usb.c.obj
 .comment       0x00000057       0x58 CMakeFiles/JDBlink5.dir/home/jon/pico/pico-sdk/src/rp2_common/pico_stdio_usb/stdio_usb_descriptors.c.obj
 .comment       0x00000057       0x58 CMakeFiles/JDBlink5.dir/home/jon/pico/pico-sdk/lib/tinyusb/src/portable/raspberrypi/rp2040/dcd_rp2040.c.obj
 .comment       0x00000057       0x58 CMakeFiles/JDBlink5.dir/home/jon/pico/pico-sdk/lib/tinyusb/src/portable/raspberrypi/rp2040/rp2040_usb.c.obj
 .comment       0x00000057       0x58 CMakeFiles/JDBlink5.dir/home/jon/pico/pico-sdk/lib/tinyusb/src/device/usbd.c.obj
 .comment       0x00000057       0x58 CMakeFiles/JDBlink5.dir/home/jon/pico/pico-sdk/lib/tinyusb/src/device/usbd_control.c.obj
 .comment       0x00000057       0x58 CMakeFiles/JDBlink5.dir/home/jon/pico/pico-sdk/lib/tinyusb/src/class/cdc/cdc_device.c.obj
 .comment       0x00000057       0x58 CMakeFiles/JDBlink5.dir/home/jon/pico/pico-sdk/lib/tinyusb/src/tusb.c.obj
 .comment       0x00000057       0x58 CMakeFiles/JDBlink5.dir/home/jon/pico/pico-sdk/lib/tinyusb/src/common/tusb_fifo.c.obj
 .comment       0x00000057       0x58 CMakeFiles/JDBlink5.dir/home/jon/pico/pico-sdk/src/rp2_common/pico_unique_id/unique_id.c.obj
 .comment       0x00000057       0x58 CMakeFiles/JDBlink5.dir/home/jon/pico/pico-sdk/src/rp2_common/hardware_flash/flash.c.obj
 .comment       0x00000057       0x57 /usr/lib/gcc/arm-none-eabi/7.3.1/../../../arm-none-eabi/lib/thumb/v6-m/libc.a(lib_a-strlen-stub.o)
                                 0x58 (size before relaxing)
 .comment       0x000000ae       0x58 /usr/lib/gcc/arm-none-eabi/7.3.1/thumb/v6-m/crtend.o

.debug_line     0x00000000      0x1a3
 .debug_line    0x00000000       0x5d /usr/lib/gcc/arm-none-eabi/7.3.1/thumb/v6-m/libgcc.a(_dvmd_tls.o)
 .debug_line    0x0000005d      0x146 /usr/lib/gcc/arm-none-eabi/7.3.1/../../../arm-none-eabi/lib/thumb/v6-m/libc.a(lib_a-strlen-stub.o)

.debug_info     0x00000000      0x908
 .debug_info    0x00000000       0x26 /usr/lib/gcc/arm-none-eabi/7.3.1/thumb/v6-m/libgcc.a(_dvmd_tls.o)
 .debug_info    0x00000026      0x8e2 /usr/lib/gcc/arm-none-eabi/7.3.1/../../../arm-none-eabi/lib/thumb/v6-m/libc.a(lib_a-strlen-stub.o)

.debug_abbrev   0x00000000      0x1cc
 .debug_abbrev  0x00000000       0x14 /usr/lib/gcc/arm-none-eabi/7.3.1/thumb/v6-m/libgcc.a(_dvmd_tls.o)
 .debug_abbrev  0x00000014      0x1b8 /usr/lib/gcc/arm-none-eabi/7.3.1/../../../arm-none-eabi/lib/thumb/v6-m/libc.a(lib_a-strlen-stub.o)

.debug_aranges  0x00000000       0x40
 .debug_aranges
                0x00000000       0x20 /usr/lib/gcc/arm-none-eabi/7.3.1/thumb/v6-m/libgcc.a(_dvmd_tls.o)
 .debug_aranges
                0x00000020       0x20 /usr/lib/gcc/arm-none-eabi/7.3.1/../../../arm-none-eabi/lib/thumb/v6-m/libc.a(lib_a-strlen-stub.o)

.debug_str      0x00000000      0x5f8
 .debug_str     0x00000000       0x9d /usr/lib/gcc/arm-none-eabi/7.3.1/thumb/v6-m/libgcc.a(_dvmd_tls.o)
 .debug_str     0x0000009d      0x55b /usr/lib/gcc/arm-none-eabi/7.3.1/../../../arm-none-eabi/lib/thumb/v6-m/libc.a(lib_a-strlen-stub.o)
                                0x5ad (size before relaxing)

.debug_loc      0x00000000       0x94
 .debug_loc     0x00000000       0x94 /usr/lib/gcc/arm-none-eabi/7.3.1/../../../arm-none-eabi/lib/thumb/v6-m/libc.a(lib_a-strlen-stub.o)

.debug_frame    0x00000000       0x28
 .debug_frame   0x00000000       0x28 /usr/lib/gcc/arm-none-eabi/7.3.1/../../../arm-none-eabi/lib/thumb/v6-m/libc.a(lib_a-strlen-stub.o)
